******************************************************************************
                  TI ARM Linker PC v20.2.5                     
******************************************************************************
>> Linked Sun Sep 12 12:54:02 2021

OUTPUT FILE NAME:   <GyrosBNO3.out>
ENTRY POINT SYMBOL: "_c_int00_noargs"  address: 000013b5


MEMORY CONFIGURATION

         name            origin    length      used     unused   attr    fill
----------------------  --------  ---------  --------  --------  ----  --------
  FLASH                 00000000   00040000  00001706  0003e8fa  R  X
  SRAM                  20000000   00008000  0000020d  00007df3  RW X


SEGMENT ALLOCATION MAP

run origin  load origin   length   init length attrs members
----------  ----------- ---------- ----------- ----- -------
00000000    00000000    00001708   00001708    r-x
  00000000    00000000    0000026c   0000026c    r-- .intvecs
  0000026c    0000026c    00001342   00001342    r-x .text
  000015b0    000015b0    00000140   00000140    r-- .const
  000016f0    000016f0    00000018   00000018    r-- .cinit
20000000    20000000    0000020d   00000000    rw-
  20000000    20000000    00000200   00000000    rw- .stack
  20000200    20000200    0000000d   00000000    rw- .data


SECTION ALLOCATION MAP

 output                                  attributes/
section   page    origin      length       input sections
--------  ----  ----------  ----------   ----------------
.intvecs   0    00000000    0000026c     
                  00000000    0000026c     tm4c123gh6pm_startup_ccs.obj (.intvecs)

.text      0    0000026c    00001342     
                  0000026c    00000550     main.obj (.text)
                  000007bc    000004a8     uartstdio.obj (.text)
                  00000c64    0000016c     driverlib.lib : gpio.obj (.text:GPIOPadConfigSet)
                  00000dd0    00000118                   : sysctl.obj (.text:SysCtlClockGet)
                  00000ee8    000000f4                   : sysctl.obj (.text:SysCtlClockSet)
                  00000fdc    0000009c     rtsv7M4_T_le_v4SPD16_eabi.lib : memcpy_t2.asm.obj (.text)
                  00001078    00000068     driverlib.lib : interrupt.obj (.text:IntEnable)
                  000010e0    00000068     rtsv7M4_T_le_v4SPD16_eabi.lib : copy_decompress_lzss.c.obj (.text:decompress:lzss:__TI_decompress_lzss)
                  00001148    00000060     driverlib.lib : timer.obj (.text:TimerConfigure)
                  000011a8    0000004c                   : gpio.obj (.text:GPIOPinConfigure)
                  000011f4    0000004c                   : i2c.obj (.text:I2CMasterInitExpClk)
                  00001240    00000046                   : uart.obj (.text:UARTConfigSetExpClk)
                  00001286    00000002     rtsv7M4_T_le_v4SPD16_eabi.lib : div0.asm.obj (.text)
                  00001288    00000044                                   : autoinit.c.obj (.text:__TI_auto_init_nobinit_nopinit:__TI_auto_init_nobinit_nopinit)
                  000012cc    00000040                                   : u_divt2.asm.obj (.text)
                  0000130c    0000003c     driverlib.lib : ssi.obj (.text:SSIConfigSetExpClk)
                  00001348    00000038                   : sysctl.obj (.text:SysCtlPeripheralPresent)
                  00001380    00000034                   : sysctl.obj (.text:SysCtlPeripheralEnable)
                  000013b4    00000034     rtsv7M4_T_le_v4SPD16_eabi.lib : boot_cortex_m.c.obj (.text:_c_int00_noargs:_c_int00_noargs)
                  000013e8    0000002c     driverlib.lib : gpio.obj (.text:GPIODirModeSet)
                  00001414    00000020                   : uart.obj (.text:UARTDisable)
                  00001434    0000001a                   : gpio.obj (.text:GPIOPinTypeGPIOOutput)
                  0000144e    00000016                   : gpio.obj (.text:GPIOPinTypeI2C)
                  00001464    00000016                   : gpio.obj (.text:GPIOPinTypeI2CSCL)
                  0000147a    00000016                   : gpio.obj (.text:GPIOPinTypeSSI)
                  00001490    00000016                   : gpio.obj (.text:GPIOPinTypeUART)
                  000014a6    00000014                   : uart.obj (.text:UARTEnable)
                  000014ba    00000012                   : ssi.obj (.text:SSIDataGetNonBlocking)
                  000014cc    00000012                   : timer.obj (.text:TimerLoadSet)
                  000014de    00000002     --HOLE-- [fill = 0]
                  000014e0    00000010                   : fpu.obj (.text:FPUEnable)
                  000014f0    00000010                   : fpu.obj (.text:FPULazyStackingEnable)
                  00001500    00000010                   : interrupt.obj (.text:IntMasterEnable)
                  00001510    0000000e                   : timer.obj (.text:TimerEnable)
                  0000151e    0000000e     rtsv7M4_T_le_v4SPD16_eabi.lib : copy_decompress_none.c.obj (.text:decompress:none:__TI_decompress_none)
                  0000152c    0000000c     driverlib.lib : cpu.obj (.text:CPUcpsie)
                  00001538    0000000c     tm4c123gh6pm_startup_ccs.obj (.text)
                  00001544    0000000a     driverlib.lib : i2c.obj (.text:I2CMasterEnable)
                  0000154e    0000000a                   : ssi.obj (.text:SSIEnable)
                  00001558    0000000a                   : uart.obj (.text:UARTCharGet)
                  00001562    0000000a                   : uart.obj (.text:UARTCharPut)
                  0000156c    00000008                   : i2c.obj (.text:I2CMasterBusy)
                  00001574    00000008                   : i2c.obj (.text:I2CMasterSlaveAddrSet)
                  0000157c    00000008                   : timer.obj (.text:TimerIntEnable)
                  00001584    00000006                   : gpio.obj (.text:GPIOPinWrite)
                  0000158a    00000006                   : sysctl.obj (.text:SysCtlDelay)
                  00001590    00000006                   : uart.obj (.text:UARTClockSourceSet)
                  00001596    00000004                   : i2c.obj (.text:I2CMasterControl)
                  0000159a    00000004                   : i2c.obj (.text:I2CMasterDataGet)
                  0000159e    00000004                   : i2c.obj (.text:I2CMasterDataPut)
                  000015a2    00000004                   : timer.obj (.text:TimerIntClear)
                  000015a6    00000004     rtsv7M4_T_le_v4SPD16_eabi.lib : pre_init.c.obj (.text:_system_pre_init)
                  000015aa    00000004                                   : exit.c.obj (.text:abort:abort)

.const     0    000015b0    00000140     
                  000015b0    00000090     driverlib.lib : gpio.obj (.const:g_pui32GPIOBaseAddrs)
                  00001640    0000006c                   : sysctl.obj (.const:g_pui32Xtals)
                  000016ac    00000014                   : interrupt.obj (.const:g_pui32EnRegs)
                  000016c0    00000012     uartstdio.obj (.const:.string)
                  000016d2    00000002     --HOLE-- [fill = 0]
                  000016d4    0000000c     uartstdio.obj (.const:g_ui32UARTBase)
                  000016e0    0000000c     uartstdio.obj (.const:g_ui32UARTPeriph)
                  000016ec    00000004     uartstdio.obj (.const)

.cinit     0    000016f0    00000018     
                  000016f0    00000008     (.cinit..data.load) [load image, compression = lzss]
                  000016f8    00000008     (__TI_handler_table)
                  00001700    00000008     (__TI_cinit_table)

.init_array 
*          0    00000000    00000000     UNINITIALIZED

.data      0    20000200    0000000d     UNINITIALIZED
                  20000200    00000005     main.obj (.data)
                  20000205    00000003     --HOLE--
                  20000208    00000005     uartstdio.obj (.data)

.stack     0    20000000    00000200     UNINITIALIZED
                  20000000    00000004     rtsv7M4_T_le_v4SPD16_eabi.lib : boot_cortex_m.c.obj (.stack)
                  20000004    000001fc     --HOLE--

__llvm_prf_cnts 
*          0    20000000    00000000     UNINITIALIZED

MODULE SUMMARY

       Module                         code   ro data   rw data
       ------                         ----   -------   -------
    .\
       main.obj                       1360   0         5      
       uartstdio.obj                  1192   46        5      
       tm4c123gh6pm_startup_ccs.obj   12     620       0      
    +--+------------------------------+------+---------+---------+
       Total:                         2564   666       10     
                                                              
    C:/ti/TivaWare_C_Series-2.2.0.295/driverlib/ccs/Debug/driverlib.lib
       gpio.obj                       604    144       0      
       sysctl.obj                     638    108       0      
       uart.obj                       148    0         0      
       interrupt.obj                  120    20        0      
       timer.obj                      140    0         0      
       i2c.obj                        114    0         0      
       ssi.obj                        88     0         0      
       fpu.obj                        32     0         0      
       cpu.obj                        12     0         0      
    +--+------------------------------+------+---------+---------+
       Total:                         1896   272       0      
                                                              
    C:\ti\ccs1040\ccs\tools\compiler\ti-cgt-arm_20.2.5.LTS\lib\rtsv7M4_T_le_v4SPD16_eabi.lib
       memcpy_t2.asm.obj              156    0         0      
       copy_decompress_lzss.c.obj     104    0         0      
       autoinit.c.obj                 68     0         0      
       u_divt2.asm.obj                64     0         0      
       boot_cortex_m.c.obj            52     0         0      
       copy_decompress_none.c.obj     14     0         0      
       exit.c.obj                     4      0         0      
       pre_init.c.obj                 4      0         0      
       div0.asm.obj                   2      0         0      
    +--+------------------------------+------+---------+---------+
       Total:                         468    0         0      
                                                              
       Stack:                         0      0         512    
       Linker Generated:              0      24        0      
    +--+------------------------------+------+---------+---------+
       Grand Total:                   4928   962       522    


LINKER GENERATED COPY TABLES

__TI_cinit_table @ 00001700 records: 1, size/record: 8, table size: 8
	.data: load addr=000016f0, load size=00000008 bytes, run addr=20000200, run size=0000000d bytes, compression=lzss


LINKER GENERATED HANDLER TABLE

__TI_handler_table @ 000016f8 records: 2, size/record: 4, table size: 8
	index: 0, handler: __TI_decompress_lzss
	index: 1, handler: __TI_decompress_none


GLOBAL SYMBOLS: SORTED ALPHABETICALLY BY Name 

address   name                          
-------   ----                          
0000050f  BNO055_init                   
00000357  BNO055_read                   
000004f3  BNO055_read_gyro_temp_raw     
0000044b  BNO055_read_gyro_x_raw        
00000483  BNO055_read_gyro_y_raw        
000004bb  BNO055_read_gyro_z_raw        
00000397  BNO055_set_operation_mode     
0000040d  BNO055_set_power_mode         
00000315  BNO055_write                  
000015ab  C$$EXIT                       
0000152d  CPUcpsie                      
000006a9  Config_Timer0                 
000014e1  FPUEnable                     
000014f1  FPULazyStackingEnable         
000013e9  GPIODirModeSet                
00000c65  GPIOPadConfigSet              
000011a9  GPIOPinConfigure              
00001435  GPIOPinTypeGPIOOutput         
0000144f  GPIOPinTypeI2C                
00001465  GPIOPinTypeI2CSCL             
0000147b  GPIOPinTypeSSI                
00001491  GPIOPinTypeUART               
00001585  GPIOPinWrite                  
0000156d  I2CMasterBusy                 
00001597  I2CMasterControl              
0000159b  I2CMasterDataGet              
0000159f  I2CMasterDataPut              
00001545  I2CMasterEnable               
000011f5  I2CMasterInitExpClk           
00001575  I2CMasterSlaveAddrSet         
000002bb  I2C_receive                   
0000026d  I2C_send                      
00001079  IntEnable                     
00001501  IntMasterEnable               
00001539  ResetISR                      
0000130d  SSIConfigSetExpClk            
000014bb  SSIDataGetNonBlocking         
0000154f  SSIEnable                     
00000dd1  SysCtlClockGet                
00000ee9  SysCtlClockSet                
0000158b  SysCtlDelay                   
00001381  SysCtlPeripheralEnable        
00001349  SysCtlPeripheralPresent       
00001149  TimerConfigure                
00001511  TimerEnable                   
000015a3  TimerIntClear                 
0000157d  TimerIntEnable                
000014cd  TimerLoadSet                  
00001559  UARTCharGet                   
00001563  UARTCharPut                   
00001591  UARTClockSourceSet            
00001241  UARTConfigSetExpClk           
00001415  UARTDisable                   
000014a7  UARTEnable                    
000007bd  UARTStdioConfig               
0000090d  UARTgetc                      
00000853  UARTgets                      
00000c2f  UARTprintf                    
00000935  UARTvprintf                   
00000803  UARTwrite                     
20000200  __STACK_END                   
00000200  __STACK_SIZE                  
20000200  __STACK_TOP                   
00001700  __TI_CINIT_Base               
00001708  __TI_CINIT_Limit              
000016f8  __TI_Handler_Table_Base       
00001700  __TI_Handler_Table_Limit      
00001289  __TI_auto_init_nobinit_nopinit
000010e1  __TI_decompress_lzss          
0000151f  __TI_decompress_none          
ffffffff  __TI_pprof_out_hndl           
ffffffff  __TI_prof_data_size           
ffffffff  __TI_prof_data_start          
00000000  __TI_static_base__            
00001287  __aeabi_idiv0                 
00001287  __aeabi_ldiv0                 
00000fdd  __aeabi_memcpy                
00000fdd  __aeabi_memcpy4               
00000fdd  __aeabi_memcpy8               
000012cd  __aeabi_uidiv                 
000012cd  __aeabi_uidivmod              
ffffffff  __binit__                     
ffffffff  __c_args__                    
UNDEFED   __mpu_init                    
20000000  __stack                       
20000000  __start___llvm_prf_cnts       
20000000  __stop___llvm_prf_cnts        
000013b5  _c_int00_noargs               
UNDEFED   _system_post_cinit            
000015a7  _system_pre_init              
000015ab  abort                         
ffffffff  binit                         
00000000  g_pfnVectors                  
0000059d  initPeripherals               
20000204  m_gyro_unit                   
20000202  m_operation_mode              
20000201  m_page                        
20000203  m_power_mode                  
20000200  m_unit                        
00000725  main                          
00000fdd  memcpy                        
000006e5  timerFunc                     


GLOBAL SYMBOLS: SORTED BY Symbol Address 

address   name                          
-------   ----                          
00000000  __TI_static_base__            
00000000  g_pfnVectors                  
00000200  __STACK_SIZE                  
0000026d  I2C_send                      
000002bb  I2C_receive                   
00000315  BNO055_write                  
00000357  BNO055_read                   
00000397  BNO055_set_operation_mode     
0000040d  BNO055_set_power_mode         
0000044b  BNO055_read_gyro_x_raw        
00000483  BNO055_read_gyro_y_raw        
000004bb  BNO055_read_gyro_z_raw        
000004f3  BNO055_read_gyro_temp_raw     
0000050f  BNO055_init                   
0000059d  initPeripherals               
000006a9  Config_Timer0                 
000006e5  timerFunc                     
00000725  main                          
000007bd  UARTStdioConfig               
00000803  UARTwrite                     
00000853  UARTgets                      
0000090d  UARTgetc                      
00000935  UARTvprintf                   
00000c2f  UARTprintf                    
00000c65  GPIOPadConfigSet              
00000dd1  SysCtlClockGet                
00000ee9  SysCtlClockSet                
00000fdd  __aeabi_memcpy                
00000fdd  __aeabi_memcpy4               
00000fdd  __aeabi_memcpy8               
00000fdd  memcpy                        
00001079  IntEnable                     
000010e1  __TI_decompress_lzss          
00001149  TimerConfigure                
000011a9  GPIOPinConfigure              
000011f5  I2CMasterInitExpClk           
00001241  UARTConfigSetExpClk           
00001287  __aeabi_idiv0                 
00001287  __aeabi_ldiv0                 
00001289  __TI_auto_init_nobinit_nopinit
000012cd  __aeabi_uidiv                 
000012cd  __aeabi_uidivmod              
0000130d  SSIConfigSetExpClk            
00001349  SysCtlPeripheralPresent       
00001381  SysCtlPeripheralEnable        
000013b5  _c_int00_noargs               
000013e9  GPIODirModeSet                
00001415  UARTDisable                   
00001435  GPIOPinTypeGPIOOutput         
0000144f  GPIOPinTypeI2C                
00001465  GPIOPinTypeI2CSCL             
0000147b  GPIOPinTypeSSI                
00001491  GPIOPinTypeUART               
000014a7  UARTEnable                    
000014bb  SSIDataGetNonBlocking         
000014cd  TimerLoadSet                  
000014e1  FPUEnable                     
000014f1  FPULazyStackingEnable         
00001501  IntMasterEnable               
00001511  TimerEnable                   
0000151f  __TI_decompress_none          
0000152d  CPUcpsie                      
00001539  ResetISR                      
00001545  I2CMasterEnable               
0000154f  SSIEnable                     
00001559  UARTCharGet                   
00001563  UARTCharPut                   
0000156d  I2CMasterBusy                 
00001575  I2CMasterSlaveAddrSet         
0000157d  TimerIntEnable                
00001585  GPIOPinWrite                  
0000158b  SysCtlDelay                   
00001591  UARTClockSourceSet            
00001597  I2CMasterControl              
0000159b  I2CMasterDataGet              
0000159f  I2CMasterDataPut              
000015a3  TimerIntClear                 
000015a7  _system_pre_init              
000015ab  C$$EXIT                       
000015ab  abort                         
000016f8  __TI_Handler_Table_Base       
00001700  __TI_CINIT_Base               
00001700  __TI_Handler_Table_Limit      
00001708  __TI_CINIT_Limit              
20000000  __stack                       
20000000  __start___llvm_prf_cnts       
20000000  __stop___llvm_prf_cnts        
20000200  __STACK_END                   
20000200  __STACK_TOP                   
20000200  m_unit                        
20000201  m_page                        
20000202  m_operation_mode              
20000203  m_power_mode                  
20000204  m_gyro_unit                   
ffffffff  __TI_pprof_out_hndl           
ffffffff  __TI_prof_data_size           
ffffffff  __TI_prof_data_start          
ffffffff  __binit__                     
ffffffff  __c_args__                    
ffffffff  binit                         
UNDEFED   __mpu_init                    
UNDEFED   _system_post_cinit            

[102 symbols]
