******************************************************************************
                  TI ARM Linker PC v20.2.5                     
******************************************************************************
>> Linked Mon Sep  6 17:42:36 2021

OUTPUT FILE NAME:   <GyrosBNO2.out>
ENTRY POINT SYMBOL: "_c_int00_noargs"  address: 000012c9


MEMORY CONFIGURATION

         name            origin    length      used     unused   attr    fill
----------------------  --------  ---------  --------  --------  ----  --------
  FLASH                 00000000   00040000  0000161a  0003e9e6  R  X
  SRAM                  20000000   00008000  0000020d  00007df3  RW X


SEGMENT ALLOCATION MAP

run origin  load origin   length   init length attrs members
----------  ----------- ---------- ----------- ----- -------
00000000    00000000    00001620   00001620    r-x
  00000000    00000000    0000026c   0000026c    r-- .intvecs
  0000026c    0000026c    00001256   00001256    r-x .text
  000014c4    000014c4    00000140   00000140    r-- .const
  00001608    00001608    00000018   00000018    r-- .cinit
20000000    20000000    0000020d   00000000    rw-
  20000000    20000000    00000200   00000000    rw- .stack
  20000200    20000200    0000000d   00000000    rw- .data


SECTION ALLOCATION MAP

 output                                  attributes/
section   page    origin      length       input sections
--------  ----  ----------  ----------   ----------------
.intvecs   0    00000000    0000026c     
                  00000000    0000026c     tm4c123gh6pm_startup_ccs.obj (.intvecs)

.text      0    0000026c    00001256     
                  0000026c    000004a8     uartstdio.obj (.text)
                  00000714    00000464     main.obj (.text)
                  00000b78    0000016c     driverlib.lib : gpio.obj (.text:GPIOPadConfigSet)
                  00000ce4    00000118                   : sysctl.obj (.text:SysCtlClockGet)
                  00000dfc    000000f4                   : sysctl.obj (.text:SysCtlClockSet)
                  00000ef0    0000009c     rtsv7M4_T_le_v4SPD16_eabi.lib : memcpy_t2.asm.obj (.text)
                  00000f8c    00000068     driverlib.lib : interrupt.obj (.text:IntEnable)
                  00000ff4    00000068     rtsv7M4_T_le_v4SPD16_eabi.lib : copy_decompress_lzss.c.obj (.text:decompress:lzss:__TI_decompress_lzss)
                  0000105c    00000060     driverlib.lib : timer.obj (.text:TimerConfigure)
                  000010bc    0000004c                   : gpio.obj (.text:GPIOPinConfigure)
                  00001108    0000004c                   : i2c.obj (.text:I2CMasterInitExpClk)
                  00001154    00000046                   : uart.obj (.text:UARTConfigSetExpClk)
                  0000119a    00000002     rtsv7M4_T_le_v4SPD16_eabi.lib : div0.asm.obj (.text)
                  0000119c    00000044                                   : autoinit.c.obj (.text:__TI_auto_init_nobinit_nopinit:__TI_auto_init_nobinit_nopinit)
                  000011e0    00000040                                   : u_divt2.asm.obj (.text)
                  00001220    0000003c     driverlib.lib : ssi.obj (.text:SSIConfigSetExpClk)
                  0000125c    00000038                   : sysctl.obj (.text:SysCtlPeripheralPresent)
                  00001294    00000034                   : sysctl.obj (.text:SysCtlPeripheralEnable)
                  000012c8    00000034     rtsv7M4_T_le_v4SPD16_eabi.lib : boot_cortex_m.c.obj (.text:_c_int00_noargs:_c_int00_noargs)
                  000012fc    0000002c     driverlib.lib : gpio.obj (.text:GPIODirModeSet)
                  00001328    00000020                   : uart.obj (.text:UARTDisable)
                  00001348    0000001a                   : gpio.obj (.text:GPIOPinTypeGPIOOutput)
                  00001362    00000016                   : gpio.obj (.text:GPIOPinTypeI2C)
                  00001378    00000016                   : gpio.obj (.text:GPIOPinTypeI2CSCL)
                  0000138e    00000016                   : gpio.obj (.text:GPIOPinTypeSSI)
                  000013a4    00000016                   : gpio.obj (.text:GPIOPinTypeUART)
                  000013ba    00000014                   : uart.obj (.text:UARTEnable)
                  000013ce    00000012                   : ssi.obj (.text:SSIDataGetNonBlocking)
                  000013e0    00000012                   : timer.obj (.text:TimerLoadSet)
                  000013f2    00000002     --HOLE-- [fill = 0]
                  000013f4    00000010                   : fpu.obj (.text:FPUEnable)
                  00001404    00000010                   : fpu.obj (.text:FPULazyStackingEnable)
                  00001414    00000010                   : interrupt.obj (.text:IntMasterEnable)
                  00001424    0000000e                   : timer.obj (.text:TimerEnable)
                  00001432    0000000e     rtsv7M4_T_le_v4SPD16_eabi.lib : copy_decompress_none.c.obj (.text:decompress:none:__TI_decompress_none)
                  00001440    0000000c     driverlib.lib : cpu.obj (.text:CPUcpsie)
                  0000144c    0000000c     tm4c123gh6pm_startup_ccs.obj (.text)
                  00001458    0000000a     driverlib.lib : i2c.obj (.text:I2CMasterEnable)
                  00001462    0000000a                   : ssi.obj (.text:SSIEnable)
                  0000146c    0000000a                   : uart.obj (.text:UARTCharGet)
                  00001476    0000000a                   : uart.obj (.text:UARTCharPut)
                  00001480    00000008                   : i2c.obj (.text:I2CMasterBusy)
                  00001488    00000008                   : i2c.obj (.text:I2CMasterSlaveAddrSet)
                  00001490    00000008                   : timer.obj (.text:TimerIntEnable)
                  00001498    00000006                   : gpio.obj (.text:GPIOPinWrite)
                  0000149e    00000006                   : sysctl.obj (.text:SysCtlDelay)
                  000014a4    00000006                   : uart.obj (.text:UARTClockSourceSet)
                  000014aa    00000004                   : i2c.obj (.text:I2CMasterControl)
                  000014ae    00000004                   : i2c.obj (.text:I2CMasterDataGet)
                  000014b2    00000004                   : i2c.obj (.text:I2CMasterDataPut)
                  000014b6    00000004                   : timer.obj (.text:TimerIntClear)
                  000014ba    00000004     rtsv7M4_T_le_v4SPD16_eabi.lib : pre_init.c.obj (.text:_system_pre_init)
                  000014be    00000004                                   : exit.c.obj (.text:abort:abort)

.const     0    000014c4    00000140     
                  000014c4    00000090     driverlib.lib : gpio.obj (.const:g_pui32GPIOBaseAddrs)
                  00001554    0000006c                   : sysctl.obj (.const:g_pui32Xtals)
                  000015c0    00000014                   : interrupt.obj (.const:g_pui32EnRegs)
                  000015d4    00000012     uartstdio.obj (.const:.string)
                  000015e6    00000002     --HOLE-- [fill = 0]
                  000015e8    0000000c     uartstdio.obj (.const:g_ui32UARTBase)
                  000015f4    0000000c     uartstdio.obj (.const:g_ui32UARTPeriph)
                  00001600    00000004     uartstdio.obj (.const)

.cinit     0    00001608    00000018     
                  00001608    00000008     (.cinit..data.load) [load image, compression = lzss]
                  00001610    00000008     (__TI_handler_table)
                  00001618    00000008     (__TI_cinit_table)

.init_array 
*          0    00000000    00000000     UNINITIALIZED

.data      0    20000200    0000000d     UNINITIALIZED
                  20000200    00000005     main.obj (.data)
                  20000205    00000003     --HOLE--
                  20000208    00000005     uartstdio.obj (.data)

.stack     0    20000000    00000200     UNINITIALIZED
                  20000000    00000004     rtsv7M4_T_le_v4SPD16_eabi.lib : boot_cortex_m.c.obj (.stack)
                  20000004    000001fc     --HOLE--

__llvm_prf_cnts 
*          0    20000000    00000000     UNINITIALIZED

MODULE SUMMARY

       Module                         code   ro data   rw data
       ------                         ----   -------   -------
    .\
       uartstdio.obj                  1192   46        5      
       main.obj                       1124   0         5      
       tm4c123gh6pm_startup_ccs.obj   12     620       0      
    +--+------------------------------+------+---------+---------+
       Total:                         2328   666       10     
                                                              
    C:/ti/TivaWare_C_Series-2.2.0.295/driverlib/ccs/Debug/driverlib.lib
       gpio.obj                       604    144       0      
       sysctl.obj                     638    108       0      
       uart.obj                       148    0         0      
       interrupt.obj                  120    20        0      
       timer.obj                      140    0         0      
       i2c.obj                        114    0         0      
       ssi.obj                        88     0         0      
       fpu.obj                        32     0         0      
       cpu.obj                        12     0         0      
    +--+------------------------------+------+---------+---------+
       Total:                         1896   272       0      
                                                              
    C:\ti\ccs1040\ccs\tools\compiler\ti-cgt-arm_20.2.5.LTS\lib\rtsv7M4_T_le_v4SPD16_eabi.lib
       memcpy_t2.asm.obj              156    0         0      
       copy_decompress_lzss.c.obj     104    0         0      
       autoinit.c.obj                 68     0         0      
       u_divt2.asm.obj                64     0         0      
       boot_cortex_m.c.obj            52     0         0      
       copy_decompress_none.c.obj     14     0         0      
       exit.c.obj                     4      0         0      
       pre_init.c.obj                 4      0         0      
       div0.asm.obj                   2      0         0      
    +--+------------------------------+------+---------+---------+
       Total:                         468    0         0      
                                                              
       Stack:                         0      0         512    
       Linker Generated:              0      24        0      
    +--+------------------------------+------+---------+---------+
       Grand Total:                   4692   962       522    


LINKER GENERATED COPY TABLES

__TI_cinit_table @ 00001618 records: 1, size/record: 8, table size: 8
	.data: load addr=00001608, load size=00000008 bytes, run addr=20000200, run size=0000000d bytes, compression=lzss


LINKER GENERATED HANDLER TABLE

__TI_handler_table @ 00001610 records: 2, size/record: 4, table size: 8
	index: 0, handler: __TI_decompress_lzss
	index: 1, handler: __TI_decompress_none


GLOBAL SYMBOLS: SORTED ALPHABETICALLY BY Name 

address   name                          
-------   ----                          
00000911  BNO055_init                   
000007ff  BNO055_read                   
000008f3  BNO055_read_gyro_x_raw        
0000083f  BNO055_set_operation_mode     
000008b5  BNO055_set_power_mode         
000007bd  BNO055_write                  
000014bf  C$$EXIT                       
00001441  CPUcpsie                      
00000a91  Config_Timer0                 
000013f5  FPUEnable                     
00001405  FPULazyStackingEnable         
000012fd  GPIODirModeSet                
00000b79  GPIOPadConfigSet              
000010bd  GPIOPinConfigure              
00001349  GPIOPinTypeGPIOOutput         
00001363  GPIOPinTypeI2C                
00001379  GPIOPinTypeI2CSCL             
0000138f  GPIOPinTypeSSI                
000013a5  GPIOPinTypeUART               
00001499  GPIOPinWrite                  
00001481  I2CMasterBusy                 
000014ab  I2CMasterControl              
000014af  I2CMasterDataGet              
000014b3  I2CMasterDataPut              
00001459  I2CMasterEnable               
00001109  I2CMasterInitExpClk           
00001489  I2CMasterSlaveAddrSet         
00000763  I2C_receive                   
00000715  I2C_send                      
00000f8d  IntEnable                     
00001415  IntMasterEnable               
0000144d  ResetISR                      
00001221  SSIConfigSetExpClk            
000013cf  SSIDataGetNonBlocking         
00001463  SSIEnable                     
00000ce5  SysCtlClockGet                
00000dfd  SysCtlClockSet                
0000149f  SysCtlDelay                   
00001295  SysCtlPeripheralEnable        
0000125d  SysCtlPeripheralPresent       
0000105d  TimerConfigure                
00001425  TimerEnable                   
000014b7  TimerIntClear                 
00001491  TimerIntEnable                
000013e1  TimerLoadSet                  
0000146d  UARTCharGet                   
00001477  UARTCharPut                   
000014a5  UARTClockSourceSet            
00001155  UARTConfigSetExpClk           
00001329  UARTDisable                   
000013bb  UARTEnable                    
0000026d  UARTStdioConfig               
000003bd  UARTgetc                      
00000303  UARTgets                      
000006df  UARTprintf                    
000003e5  UARTvprintf                   
000002b3  UARTwrite                     
20000200  __STACK_END                   
00000200  __STACK_SIZE                  
20000200  __STACK_TOP                   
00001618  __TI_CINIT_Base               
00001620  __TI_CINIT_Limit              
00001610  __TI_Handler_Table_Base       
00001618  __TI_Handler_Table_Limit      
0000119d  __TI_auto_init_nobinit_nopinit
00000ff5  __TI_decompress_lzss          
00001433  __TI_decompress_none          
ffffffff  __TI_pprof_out_hndl           
ffffffff  __TI_prof_data_size           
ffffffff  __TI_prof_data_start          
00000000  __TI_static_base__            
0000119b  __aeabi_idiv0                 
0000119b  __aeabi_ldiv0                 
00000ef1  __aeabi_memcpy                
00000ef1  __aeabi_memcpy4               
00000ef1  __aeabi_memcpy8               
000011e1  __aeabi_uidiv                 
000011e1  __aeabi_uidivmod              
ffffffff  __binit__                     
ffffffff  __c_args__                    
UNDEFED   __mpu_init                    
20000000  __stack                       
20000000  __start___llvm_prf_cnts       
20000000  __stop___llvm_prf_cnts        
000012c9  _c_int00_noargs               
UNDEFED   _system_post_cinit            
000014bb  _system_pre_init              
000014bf  abort                         
ffffffff  binit                         
00000000  g_pfnVectors                  
00000989  initPeripherals               
20000204  m_gyro_unit                   
20000202  m_operation_mode              
20000201  m_page                        
20000203  m_power_mode                  
20000200  m_unit                        
00000adf  main                          
00000ef1  memcpy                        
00000acf  timerFunc                     


GLOBAL SYMBOLS: SORTED BY Symbol Address 

address   name                          
-------   ----                          
00000000  __TI_static_base__            
00000000  g_pfnVectors                  
00000200  __STACK_SIZE                  
0000026d  UARTStdioConfig               
000002b3  UARTwrite                     
00000303  UARTgets                      
000003bd  UARTgetc                      
000003e5  UARTvprintf                   
000006df  UARTprintf                    
00000715  I2C_send                      
00000763  I2C_receive                   
000007bd  BNO055_write                  
000007ff  BNO055_read                   
0000083f  BNO055_set_operation_mode     
000008b5  BNO055_set_power_mode         
000008f3  BNO055_read_gyro_x_raw        
00000911  BNO055_init                   
00000989  initPeripherals               
00000a91  Config_Timer0                 
00000acf  timerFunc                     
00000adf  main                          
00000b79  GPIOPadConfigSet              
00000ce5  SysCtlClockGet                
00000dfd  SysCtlClockSet                
00000ef1  __aeabi_memcpy                
00000ef1  __aeabi_memcpy4               
00000ef1  __aeabi_memcpy8               
00000ef1  memcpy                        
00000f8d  IntEnable                     
00000ff5  __TI_decompress_lzss          
0000105d  TimerConfigure                
000010bd  GPIOPinConfigure              
00001109  I2CMasterInitExpClk           
00001155  UARTConfigSetExpClk           
0000119b  __aeabi_idiv0                 
0000119b  __aeabi_ldiv0                 
0000119d  __TI_auto_init_nobinit_nopinit
000011e1  __aeabi_uidiv                 
000011e1  __aeabi_uidivmod              
00001221  SSIConfigSetExpClk            
0000125d  SysCtlPeripheralPresent       
00001295  SysCtlPeripheralEnable        
000012c9  _c_int00_noargs               
000012fd  GPIODirModeSet                
00001329  UARTDisable                   
00001349  GPIOPinTypeGPIOOutput         
00001363  GPIOPinTypeI2C                
00001379  GPIOPinTypeI2CSCL             
0000138f  GPIOPinTypeSSI                
000013a5  GPIOPinTypeUART               
000013bb  UARTEnable                    
000013cf  SSIDataGetNonBlocking         
000013e1  TimerLoadSet                  
000013f5  FPUEnable                     
00001405  FPULazyStackingEnable         
00001415  IntMasterEnable               
00001425  TimerEnable                   
00001433  __TI_decompress_none          
00001441  CPUcpsie                      
0000144d  ResetISR                      
00001459  I2CMasterEnable               
00001463  SSIEnable                     
0000146d  UARTCharGet                   
00001477  UARTCharPut                   
00001481  I2CMasterBusy                 
00001489  I2CMasterSlaveAddrSet         
00001491  TimerIntEnable                
00001499  GPIOPinWrite                  
0000149f  SysCtlDelay                   
000014a5  UARTClockSourceSet            
000014ab  I2CMasterControl              
000014af  I2CMasterDataGet              
000014b3  I2CMasterDataPut              
000014b7  TimerIntClear                 
000014bb  _system_pre_init              
000014bf  C$$EXIT                       
000014bf  abort                         
00001610  __TI_Handler_Table_Base       
00001618  __TI_CINIT_Base               
00001618  __TI_Handler_Table_Limit      
00001620  __TI_CINIT_Limit              
20000000  __stack                       
20000000  __start___llvm_prf_cnts       
20000000  __stop___llvm_prf_cnts        
20000200  __STACK_END                   
20000200  __STACK_TOP                   
20000200  m_unit                        
20000201  m_page                        
20000202  m_operation_mode              
20000203  m_power_mode                  
20000204  m_gyro_unit                   
ffffffff  __TI_pprof_out_hndl           
ffffffff  __TI_prof_data_size           
ffffffff  __TI_prof_data_start          
ffffffff  __binit__                     
ffffffff  __c_args__                    
ffffffff  binit                         
UNDEFED   __mpu_init                    
UNDEFED   _system_post_cinit            

[99 symbols]
