******************************************************************************
                  TI ARM Linker PC v20.2.5                     
******************************************************************************
>> Linked Fri Aug 13 17:39:21 2021

OUTPUT FILE NAME:   <GyrosCpp2.out>
ENTRY POINT SYMBOL: "_c_int00_noargs"  address: 00001de5


MEMORY CONFIGURATION

         name            origin    length      used     unused   attr    fill
----------------------  --------  ---------  --------  --------  ----  --------
  FLASH                 00000000   00040000  000023dc  0003dc24  R  X
  SRAM                  20000000   00008000  000002ad  00007d53  RW X


SEGMENT ALLOCATION MAP

run origin  load origin   length   init length attrs members
----------  ----------- ---------- ----------- ----- -------
00000000    00000000    000023e0   000023e0    r-x
  00000000    00000000    0000026c   0000026c    r-- .intvecs
  0000026c    0000026c    00001f04   00001f04    r-x .text
  00002170    00002170    0000023c   0000023c    r-- .const
  000023b0    000023b0    00000030   00000030    r-- .cinit
20000000    20000000    000002b0   00000000    rw-
  20000000    20000000    00000200   00000000    rw- .stack
  20000200    20000200    00000088   00000000    rw- .bss
  20000288    20000288    00000015   00000000    rw- .data
  200002a0    200002a0    00000010   00000000    rw- .sysmem


SECTION ALLOCATION MAP

 output                                  attributes/
section   page    origin      length       input sections
--------  ----  ----------  ----------   ----------------
.intvecs   0    00000000    0000026c     
                  00000000    0000026c     tm4c123gh6pm_startup_ccs.obj (.intvecs)

.text      0    0000026c    00001f04     
                  0000026c    0000084c     mpu9250_drv.obj (.text)
                  00000ab8    000004a8     uartstdio.obj (.text)
                  00000f60    00000362     mpu9250.obj (.text)
                  000012c2    00000002     rtsv7M4_T_le_v4SPD16_eabi.lib : stdlib_typeinfo.cpp.obj (.text:_ZNSt9type_infoD1Ev)
                  000012c4    000001a0     spi_drv.obj (.text)
                  00001464    0000016c     driverlib.lib : gpio.obj (.text:GPIOPadConfigSet)
                  000015d0    00000118                   : sysctl.obj (.text:SysCtlClockGet)
                  000016e8    00000118     ak8963_drv.obj (.text)
                  00001800    000000fc     rtsv7M4_T_le_v4SPD16_eabi.lib : fd_mul_t2.asm.obj (.text)
                  000018fc    000000e4                                   : memory.c.obj (.text:free)
                  000019e0    000000d0     main.obj (.text)
                  00001ab0    0000009c     rtsv7M4_T_le_v4SPD16_eabi.lib : memcpy_t2.asm.obj (.text)
                  00001b4c    0000006e                                   : fd_tos_t2.asm.obj (.text)
                  00001bba    00000068                                   : copy_decompress_lzss.c.obj (.text:decompress:lzss:__TI_decompress_lzss)
                  00001c22    00000002                                   : _lock.c.obj (.text:_nop)
                  00001c24    0000004c     driverlib.lib : gpio.obj (.text:GPIOPinConfigure)
                  00001c70    00000046                   : uart.obj (.text:UARTConfigSetExpClk)
                  00001cb6    00000002     rtsv7M4_T_le_v4SPD16_eabi.lib : div0.asm.obj (.text)
                  00001cb8    00000044                                   : autoinit.c.obj (.text:__TI_auto_init_nobinit_nopinit:__TI_auto_init_nobinit_nopinit)
                  00001cfc    00000040                                   : u_divt2.asm.obj (.text)
                  00001d3c    0000003c     driverlib.lib : ssi.obj (.text:SSIConfigSetExpClk)
                  00001d78    00000038                   : sysctl.obj (.text:SysCtlPeripheralPresent)
                  00001db0    00000034                   : sysctl.obj (.text:SysCtlPeripheralEnable)
                  00001de4    00000034     rtsv7M4_T_le_v4SPD16_eabi.lib : boot_cortex_m.c.obj (.text:_c_int00_noargs:_c_int00_noargs)
                  00001e18    0000002c     driverlib.lib : gpio.obj (.text:GPIODirModeSet)
                  00001e44    0000002a     bno055.obj (.text:_ZN6EitherIifE5rightERf)
                  00001e6e    0000002a     mpu9250_drv.obj (.text:_ZN6EitherIitE5rightERt)
                  00001e98    00000028     rtsv7M4_T_le_v4SPD16_eabi.lib : memory.c.obj (.text:free_list_insert)
                  00001ec0    00000022     mpu9250_drv.obj (.text:_Z5RightIitE6EitherIT_T0_ES2_)
                  00001ee2    00000002     --HOLE-- [fill = 0]
                  00001ee4    00000020     driverlib.lib : uart.obj (.text:UARTDisable)
                  00001f04    00000020     bno055.obj (.text:_ZN3IMUC1Ev)
                  00001f24    00000020     rtsv7M4_T_le_v4SPD16_eabi.lib : u_tofd_t2.asm.obj (.text)
                  00001f44    0000001e     bno055.obj (.text:_Z5RightIifE6EitherIT_T0_ES2_)
                  00001f62    0000001c     mpu9250_drv.obj (.text:_Z4LeftIifE6EitherIT_T0_ES1_)
                  00001f7e    0000001c     rtsv7M4_T_le_v4SPD16_eabi.lib : copy_zero_init.c.obj (.text:decompress:ZI:__TI_zero_init_nomemset:__TI_zero_init_nomemset)
                  00001f9a    00000002     --HOLE-- [fill = 0]
                  00001f9c    0000001c                                   : memory.c.obj (.text:free_list_remove)
                  00001fb8    0000001a     driverlib.lib : gpio.obj (.text:GPIOPinTypeGPIOOutput)
                  00001fd2    00000016                   : gpio.obj (.text:GPIOPinTypeSSI)
                  00001fe8    00000016                   : gpio.obj (.text:GPIOPinTypeUART)
                  00001ffe    00000014                   : uart.obj (.text:UARTEnable)
                  00002012    00000014     bno055.obj (.text:_ZN3IMUD0Ev)
                  00002026    00000014     mpu9250.obj (.text:_ZN7MPU9250D0Ev)
                  0000203a    00000012     driverlib.lib : ssi.obj (.text:SSIDataGetNonBlocking)
                  0000204c    00000010                   : fpu.obj (.text:FPUEnable)
                  0000205c    00000010                   : fpu.obj (.text:FPULazyStackingEnable)
                  0000206c    0000000e     rtsv7M4_T_le_v4SPD16_eabi.lib : typeinfo.c.obj (.text:_ZN10__cxxabiv117__class_type_infoD0Ev)
                  0000207a    0000000e                                   : typeinfo.c.obj (.text:_ZN10__cxxabiv120__si_class_type_infoD0Ev)
                  00002088    0000000e     mpu9250.obj (.text:_ZN7MPU9250D1Ev)
                  00002096    0000000e     mpu9250_drv.obj (.text:_ZNK6SPIDrv9dataWidthEv)
                  000020a4    0000000e     rtsv7M4_T_le_v4SPD16_eabi.lib : copy_decompress_none.c.obj (.text:decompress:none:__TI_decompress_none)
                  000020b2    0000000c     driverlib.lib : ssi.obj (.text:SSIDataGet)
                  000020be    0000000c     bno055.obj (.text:_ZN3IMUC2Ev)
                  000020ca    0000000c     bno055.obj (.text:_ZN3IMUD1Ev)
                  000020d6    0000000c     bno055.obj (.text:_ZN3IMUD2Ev)
                  000020e2    0000000c     rtsv7M4_T_le_v4SPD16_eabi.lib : guard.c.obj (.text:__cxa_guard_acquire)
                  000020ee    0000000c     tm4c123gh6pm_startup_ccs.obj (.text)
                  000020fa    0000000a     driverlib.lib : ssi.obj (.text:SSIDataPut)
                  00002104    0000000a                   : ssi.obj (.text:SSIDisable)
                  0000210e    0000000a                   : ssi.obj (.text:SSIEnable)
                  00002118    0000000a                   : uart.obj (.text:UARTCharGet)
                  00002122    0000000a                   : uart.obj (.text:UARTCharPut)
                  0000212c    0000000a     rtsv7M4_T_le_v4SPD16_eabi.lib : guard.c.obj (.text:__cxa_guard_release)
                  00002136    00000008     driverlib.lib : ssi.obj (.text:SSIBusy)
                  0000213e    00000008     rtsv7M4_T_le_v4SPD16_eabi.lib : new.cpp.obj (.text:_ZdlPv)
                  00002146    00000006     driverlib.lib : gpio.obj (.text:GPIOPinWrite)
                  0000214c    00000006                   : uart.obj (.text:UARTClockSourceSet)
                  00002152    00000006     rtsv7M4_T_le_v4SPD16_eabi.lib : pure_virt.c.obj (.text:__cxa_pure_virtual)
                  00002158    00000004                                   : typeinfo.c.obj (.text:_ZN10__cxxabiv117__class_type_infoD1Ev)
                  0000215c    00000004                                   : typeinfo.c.obj (.text:_ZN10__cxxabiv120__si_class_type_infoD1Ev)
                  00002160    00000004                                   : new.cpp.obj (.text:_ZdlPvj)
                  00002164    00000004                                   : error.c.obj (.text:__abort_execution)
                  00002168    00000004                                   : pre_init.c.obj (.text:_system_pre_init)
                  0000216c    00000004                                   : exit.c.obj (.text:abort:abort)

.const     0    00002170    0000023c     
                  00002170    00000090     driverlib.lib : gpio.obj (.const:g_pui32GPIOBaseAddrs)
                  00002200    0000006c                   : sysctl.obj (.const:g_pui32Xtals)
                  0000226c    00000028     bno055.obj (.const:_ZTV3IMU)
                  00002294    00000028     mpu9250.obj (.const:_ZTV7MPU9250)
                  000022bc    00000025     rtsv7M4_T_le_v4SPD16_eabi.lib : typeinfo.c.obj (.const:.typeinfo:_ZTSN10__cxxabiv120__si_class_type_infoE)
                  000022e1    00000022                                   : typeinfo.c.obj (.const:.typeinfo:_ZTSN10__cxxabiv117__class_type_infoE)
                  00002303    00000001     --HOLE-- [fill = 0]
                  00002304    00000012     uartstdio.obj (.const:.string)
                  00002316    00000002     --HOLE-- [fill = 0]
                  00002318    00000010     rtsv7M4_T_le_v4SPD16_eabi.lib : typeinfo.c.obj (.const:_ZTVN10__cxxabiv117__class_type_infoE)
                  00002328    00000010                                   : typeinfo.c.obj (.const:_ZTVN10__cxxabiv120__si_class_type_infoE)
                  00002338    0000000d                                   : stdlib_typeinfo.cpp.obj (.const:.typeinfo:_ZTSSt9type_info)
                  00002345    00000003     --HOLE-- [fill = 0]
                  00002348    0000000c     mpu9250.obj (.const:.typeinfo:_ZTI7MPU9250)
                  00002354    0000000c     rtsv7M4_T_le_v4SPD16_eabi.lib : typeinfo.c.obj (.const:.typeinfo:_ZTIN10__cxxabiv117__class_type_infoE)
                  00002360    0000000c                                   : typeinfo.c.obj (.const:.typeinfo:_ZTIN10__cxxabiv120__si_class_type_infoE)
                  0000236c    0000000c     uartstdio.obj (.const:g_ui32UARTBase)
                  00002378    0000000c     uartstdio.obj (.const:g_ui32UARTPeriph)
                  00002384    00000009     mpu9250.obj (.const:.typeinfo:_ZTS7MPU9250)
                  0000238d    00000003     --HOLE-- [fill = 0]
                  00002390    00000008     bno055.obj (.const:.typeinfo:_ZTI3IMU)
                  00002398    00000008     rtsv7M4_T_le_v4SPD16_eabi.lib : stdlib_typeinfo.cpp.obj (.const:.typeinfo:_ZTISt9type_info)
                  000023a0    00000005     bno055.obj (.const:.typeinfo:_ZTS3IMU)
                  000023a5    00000003     --HOLE-- [fill = 0]
                  000023a8    00000004     uartstdio.obj (.const)

.cinit     0    000023b0    00000030     
                  000023b0    0000000c     (.cinit..data.load) [load image, compression = lzss]
                  000023bc    0000000c     (__TI_handler_table)
                  000023c8    00000008     (.cinit..bss.load) [load image, compression = zero_init]
                  000023d0    00000010     (__TI_cinit_table)

.init_array 
*          0    00000000    00000000     UNINITIALIZED

.stack     0    20000000    00000200     UNINITIALIZED
                  20000000    00000004     rtsv7M4_T_le_v4SPD16_eabi.lib : boot_cortex_m.c.obj (.stack)
                  20000004    000001fc     --HOLE--

.bss       0    20000200    00000088     UNINITIALIZED
                  20000200    00000010     ak8963_drv.obj (.bss)
                  20000210    00000010     mpu9250_drv.obj (.bss)
                  20000220    0000000f     mpu9250_drv.obj (.bss:s_instance_1$5)
                  2000022f    0000000f     mpu9250_drv.obj (.bss:s_instance_2$6)
                  2000023e    0000000f     mpu9250_drv.obj (.bss:s_instance_3$7)
                  2000024d    0000000f     mpu9250_drv.obj (.bss:s_instance_4$8)
                  2000025c    00000008     spi_drv.obj (.bss:s_instance$2)
                  20000264    00000008     ak8963_drv.obj (.bss:s_instance_1$5)
                  2000026c    00000008     ak8963_drv.obj (.bss:s_instance_2$6)
                  20000274    00000008     ak8963_drv.obj (.bss:s_instance_3$7)
                  2000027c    00000008     ak8963_drv.obj (.bss:s_instance_4$8)
                  20000284    00000004     spi_drv.obj (.bss)

.data      0    20000288    00000015     UNINITIALIZED
                  20000288    00000008     rtsv7M4_T_le_v4SPD16_eabi.lib : _lock.c.obj (.data:$O1$$)
                  20000290    00000008                                   : memory.c.obj (.data:$O1$$)
                  20000298    00000005     uartstdio.obj (.data)

.sysmem    0    200002a0    00000010     UNINITIALIZED
                  200002a0    00000010     rtsv7M4_T_le_v4SPD16_eabi.lib : memory.c.obj (.sysmem)

__llvm_prf_cnts 
*          0    20000000    00000000     UNINITIALIZED

MODULE SUMMARY

       Module                         code   ro data   rw data
       ------                         ----   -------   -------
    .\
       uartstdio.obj                  1192   46        5      
       mpu9250.obj                    900    61        0      
       tm4c123gh6pm_startup_ccs.obj   12     620       0      
       bno055.obj                     160    53        0      
       main.obj                       208    0         0      
    +--+------------------------------+------+---------+---------+
       Total:                         2472   780       5      
                                                              
    .\imu_drivers\
       mpu9250_drv.obj                2242   0         76     
       spi_drv.obj                    416    0         12     
       ak8963_drv.obj                 280    0         48     
    +--+------------------------------+------+---------+---------+
       Total:                         2938   0         136    
                                                              
    C:/ti/TivaWare_C_Series-2.2.0.295/driverlib/ccs/Debug/driverlib.lib
       gpio.obj                       560    144       0      
       sysctl.obj                     388    108       0      
       uart.obj                       148    0         0      
       ssi.obj                        128    0         0      
       fpu.obj                        32     0         0      
    +--+------------------------------+------+---------+---------+
       Total:                         1256   252       0      
                                                              
    C:\ti\ccs1040\ccs\tools\compiler\ti-cgt-arm_20.2.5.LTS\lib\rtsv7M4_T_le_v4SPD16_eabi.lib
       memory.c.obj                   296    0         8      
       fd_mul_t2.asm.obj              252    0         0      
       typeinfo.c.obj                 36     127       0      
       memcpy_t2.asm.obj              156    0         0      
       fd_tos_t2.asm.obj              110    0         0      
       copy_decompress_lzss.c.obj     104    0         0      
       autoinit.c.obj                 68     0         0      
       u_divt2.asm.obj                64     0         0      
       boot_cortex_m.c.obj            52     0         0      
       u_tofd_t2.asm.obj              32     0         0      
       copy_zero_init.c.obj           28     0         0      
       stdlib_typeinfo.cpp.obj        2      21        0      
       guard.c.obj                    22     0         0      
       copy_decompress_none.c.obj     14     0         0      
       new.cpp.obj                    12     0         0      
       _lock.c.obj                    2      0         8      
       pure_virt.c.obj                6      0         0      
       error.c.obj                    4      0         0      
       exit.c.obj                     4      0         0      
       pre_init.c.obj                 4      0         0      
       div0.asm.obj                   2      0         0      
    +--+------------------------------+------+---------+---------+
       Total:                         1270   148       16     
                                                              
       Heap:                          0      0         16     
       Stack:                         0      0         512    
       Linker Generated:              0      48        0      
    +--+------------------------------+------+---------+---------+
       Grand Total:                   7936   1228      685    


LINKER GENERATED COPY TABLES

__TI_cinit_table @ 000023d0 records: 2, size/record: 8, table size: 16
	.data: load addr=000023b0, load size=0000000c bytes, run addr=20000288, run size=00000015 bytes, compression=lzss
	.bss: load addr=000023c8, load size=00000008 bytes, run addr=20000200, run size=00000088 bytes, compression=zero_init


LINKER GENERATED HANDLER TABLE

__TI_handler_table @ 000023bc records: 3, size/record: 4, table size: 12
	index: 0, handler: __TI_decompress_lzss
	index: 1, handler: __TI_decompress_none
	index: 2, handler: __TI_zero_init


GLOBAL SYMBOLS: SORTED ALPHABETICALLY BY Name 

address   name                                     
-------   ----                                     
0000216d  C$$EXIT                                  
0000204d  FPUEnable                                
0000205d  FPULazyStackingEnable                    
00001e19  GPIODirModeSet                           
00001465  GPIOPadConfigSet                         
00001c25  GPIOPinConfigure                         
00001fb9  GPIOPinTypeGPIOOutput                    
00001fd3  GPIOPinTypeSSI                           
00001fe9  GPIOPinTypeUART                          
00002147  GPIOPinWrite                             
000020ef  ResetISR                                 
00002137  SSIBusy                                  
00001d3d  SSIConfigSetExpClk                       
000020b3  SSIDataGet                               
0000203b  SSIDataGetNonBlocking                    
000020fb  SSIDataPut                               
00002105  SSIDisable                               
0000210f  SSIEnable                                
000015d1  SysCtlClockGet                           
00001db1  SysCtlPeripheralEnable                   
00001d79  SysCtlPeripheralPresent                  
00002119  UARTCharGet                              
00002123  UARTCharPut                              
0000214d  UARTClockSourceSet                       
00001c71  UARTConfigSetExpClk                      
00001ee5  UARTDisable                              
00001fff  UARTEnable                               
00000ab9  UARTStdioConfig                          
00000c09  UARTgetc                                 
00000b4f  UARTgets                                 
00000f2b  UARTprintf                               
00000c31  UARTvprintf                              
00000aff  UARTwrite                                
000019e1  _Z12Config_UART0v                        
00001f63  _Z4LeftIifE6EitherIT_T0_ES1_             
00001f45  _Z5RightIifE6EitherIT_T0_ES2_            
00001ec1  _Z5RightIitE6EitherIT_T0_ES2_            
00000877  _ZN10MPU9250Drv14dataGyroGetRawEv        
000006db  _ZN10MPU9250Drv15dataAccelGetRawEv       
000008f7  _ZN10MPU9250Drv16dataGyroGetFloatEv      
0000075b  _ZN10MPU9250Drv17dataAccelGetFloatEv     
000003df  _ZN10MPU9250Drv4initEv                   
00000539  _ZN10MPU9250Drv4readERKh                 
0000058d  _ZN10MPU9250Drv5writeERKhS1_             
000005fd  _ZN10MPU9250Drv8dataReadEv               
00000339  _ZN10MPU9250Drv8instanceERKh             
00000a1d  _ZN10MPU9250DrvC1ERKh                    
00000a1d  _ZN10MPU9250DrvC2ERKh                    
0000206d  _ZN10__cxxabiv117__class_type_infoD0Ev   
00002159  _ZN10__cxxabiv117__class_type_infoD1Ev   
00002159  _ZN10__cxxabiv117__class_type_infoD2Ev   
0000207b  _ZN10__cxxabiv120__si_class_type_infoD0Ev
0000215d  _ZN10__cxxabiv120__si_class_type_infoD1Ev
0000215d  _ZN10__cxxabiv120__si_class_type_infoD2Ev
00001f05  _ZN3IMUC1Ev                              
000020bf  _ZN3IMUC2Ev                              
00002013  _ZN3IMUD0Ev                              
000020cb  _ZN3IMUD1Ev                              
000020d7  _ZN3IMUD2Ev                              
00001e45  _ZN6EitherIifE5rightERf                  
00001e6f  _ZN6EitherIitE5rightERt                  
00001363  _ZN6SPIDrv4sendERKjS1_                   
000012e7  _ZN6SPIDrv7bitRateERKj                   
000013a1  _ZN6SPIDrv7receiveERKj                   
000012c5  _ZN6SPIDrv8instanceEv                    
00001325  _ZN6SPIDrv9dataWidthERKj                 
000013d9  _ZN6SPIDrvC1Ev                           
000013d9  _ZN6SPIDrvC2Ev                           
000011a1  _ZN7MPU925011orientationEv               
00000fab  _ZN7MPU925012accelerationEv              
00001291  _ZN7MPU925013magneticFieldEv             
00000fc9  _ZN7MPU925014linearVelocityEv            
00001183  _ZN7MPU925015angularVelocityEv           
000010a7  _ZN7MPU92508positionEv                   
00000f71  _ZN7MPU9250C1ERKh                        
00000f71  _ZN7MPU9250C2ERKh                        
00002027  _ZN7MPU9250D0Ev                          
00002089  _ZN7MPU9250D1Ev                          
000017bd  _ZN9AK8963Drv13dataMagGetRawEv           
000017c7  _ZN9AK8963Drv15dataMagGetFloatEv         
0000178f  _ZN9AK8963Drv4initEv                     
00001799  _ZN9AK8963Drv4readERKh                   
000017a5  _ZN9AK8963Drv5writeERKhS1_               
000017b3  _ZN9AK8963Drv8dataReadEv                 
000016e9  _ZN9AK8963Drv8instanceERKh               
000017d1  _ZN9AK8963DrvC1ERKh                      
000017d1  _ZN9AK8963DrvC2ERKh                      
00002097  _ZNK6SPIDrv9dataWidthEv                  
000012c3  _ZNSt9type_infoD1Ev                      
000012c3  _ZNSt9type_infoD2Ev                      
0000216d  _ZSt17__throw_bad_allocv                 
00002390  _ZTI3IMU                                 
00002348  _ZTI7MPU9250                             
00002354  _ZTIN10__cxxabiv117__class_type_infoE    
00002360  _ZTIN10__cxxabiv120__si_class_type_infoE 
00002398  _ZTISt9type_info                         
000023a0  _ZTS3IMU                                 
00002384  _ZTS7MPU9250                             
000022e1  _ZTSN10__cxxabiv117__class_type_infoE    
000022bc  _ZTSN10__cxxabiv120__si_class_type_infoE 
00002338  _ZTSSt9type_info                         
0000226c  _ZTV3IMU                                 
00002294  _ZTV7MPU9250                             
00002318  _ZTVN10__cxxabiv117__class_type_infoE    
00002328  _ZTVN10__cxxabiv120__si_class_type_infoE 
0000213f  _ZdlPv                                   
00002161  _ZdlPvj                                  
20000200  __STACK_END                              
00000200  __STACK_SIZE                             
20000200  __STACK_TOP                              
00000010  __SYSMEM_SIZE                            
000023d0  __TI_CINIT_Base                          
000023e0  __TI_CINIT_Limit                         
000023bc  __TI_Handler_Table_Base                  
000023c8  __TI_Handler_Table_Limit                 
00001cb9  __TI_auto_init_nobinit_nopinit           
00001bbb  __TI_decompress_lzss                     
000020a5  __TI_decompress_none                     
ffffffff  __TI_pprof_out_hndl                      
ffffffff  __TI_prof_data_size                      
ffffffff  __TI_prof_data_start                     
00000000  __TI_static_base__                       
00001f7f  __TI_zero_init_nomemset                  
00002165  __abort_execution                        
00001b4d  __aeabi_d2f                              
00001801  __aeabi_dmul                             
00001cb7  __aeabi_idiv0                            
00001cb7  __aeabi_ldiv0                            
00001ab1  __aeabi_memcpy                           
00001ab1  __aeabi_memcpy4                          
00001ab1  __aeabi_memcpy8                          
00001f25  __aeabi_ui2d                             
00001cfd  __aeabi_uidiv                            
00001cfd  __aeabi_uidivmod                         
ffffffff  __binit__                                
ffffffff  __c_args__                               
000020e3  __cxa_guard_acquire                      
0000212d  __cxa_guard_release                      
00002153  __cxa_pure_virtual                       
UNDEFED   __mpu_init                               
20000000  __stack                                  
20000000  __start___llvm_prf_cnts                  
20000000  __stop___llvm_prf_cnts                   
00001de5  _c_int00_noargs                          
20000288  _lock                                    
00001c23  _nop                                     
200002a0  _sys_memory                              
UNDEFED   _system_post_cinit                       
00002169  _system_pre_init                         
2000028c  _unlock                                  
0000216d  abort                                    
ffffffff  binit                                    
000018fd  free                                     
00000000  g_pfnVectors                             
00001a1d  main                                     
00001ab1  memcpy                                   


GLOBAL SYMBOLS: SORTED BY Symbol Address 

address   name                                     
-------   ----                                     
00000000  __TI_static_base__                       
00000000  g_pfnVectors                             
00000010  __SYSMEM_SIZE                            
00000200  __STACK_SIZE                             
00000339  _ZN10MPU9250Drv8instanceERKh             
000003df  _ZN10MPU9250Drv4initEv                   
00000539  _ZN10MPU9250Drv4readERKh                 
0000058d  _ZN10MPU9250Drv5writeERKhS1_             
000005fd  _ZN10MPU9250Drv8dataReadEv               
000006db  _ZN10MPU9250Drv15dataAccelGetRawEv       
0000075b  _ZN10MPU9250Drv17dataAccelGetFloatEv     
00000877  _ZN10MPU9250Drv14dataGyroGetRawEv        
000008f7  _ZN10MPU9250Drv16dataGyroGetFloatEv      
00000a1d  _ZN10MPU9250DrvC1ERKh                    
00000a1d  _ZN10MPU9250DrvC2ERKh                    
00000ab9  UARTStdioConfig                          
00000aff  UARTwrite                                
00000b4f  UARTgets                                 
00000c09  UARTgetc                                 
00000c31  UARTvprintf                              
00000f2b  UARTprintf                               
00000f71  _ZN7MPU9250C1ERKh                        
00000f71  _ZN7MPU9250C2ERKh                        
00000fab  _ZN7MPU925012accelerationEv              
00000fc9  _ZN7MPU925014linearVelocityEv            
000010a7  _ZN7MPU92508positionEv                   
00001183  _ZN7MPU925015angularVelocityEv           
000011a1  _ZN7MPU925011orientationEv               
00001291  _ZN7MPU925013magneticFieldEv             
000012c3  _ZNSt9type_infoD1Ev                      
000012c3  _ZNSt9type_infoD2Ev                      
000012c5  _ZN6SPIDrv8instanceEv                    
000012e7  _ZN6SPIDrv7bitRateERKj                   
00001325  _ZN6SPIDrv9dataWidthERKj                 
00001363  _ZN6SPIDrv4sendERKjS1_                   
000013a1  _ZN6SPIDrv7receiveERKj                   
000013d9  _ZN6SPIDrvC1Ev                           
000013d9  _ZN6SPIDrvC2Ev                           
00001465  GPIOPadConfigSet                         
000015d1  SysCtlClockGet                           
000016e9  _ZN9AK8963Drv8instanceERKh               
0000178f  _ZN9AK8963Drv4initEv                     
00001799  _ZN9AK8963Drv4readERKh                   
000017a5  _ZN9AK8963Drv5writeERKhS1_               
000017b3  _ZN9AK8963Drv8dataReadEv                 
000017bd  _ZN9AK8963Drv13dataMagGetRawEv           
000017c7  _ZN9AK8963Drv15dataMagGetFloatEv         
000017d1  _ZN9AK8963DrvC1ERKh                      
000017d1  _ZN9AK8963DrvC2ERKh                      
00001801  __aeabi_dmul                             
000018fd  free                                     
000019e1  _Z12Config_UART0v                        
00001a1d  main                                     
00001ab1  __aeabi_memcpy                           
00001ab1  __aeabi_memcpy4                          
00001ab1  __aeabi_memcpy8                          
00001ab1  memcpy                                   
00001b4d  __aeabi_d2f                              
00001bbb  __TI_decompress_lzss                     
00001c23  _nop                                     
00001c25  GPIOPinConfigure                         
00001c71  UARTConfigSetExpClk                      
00001cb7  __aeabi_idiv0                            
00001cb7  __aeabi_ldiv0                            
00001cb9  __TI_auto_init_nobinit_nopinit           
00001cfd  __aeabi_uidiv                            
00001cfd  __aeabi_uidivmod                         
00001d3d  SSIConfigSetExpClk                       
00001d79  SysCtlPeripheralPresent                  
00001db1  SysCtlPeripheralEnable                   
00001de5  _c_int00_noargs                          
00001e19  GPIODirModeSet                           
00001e45  _ZN6EitherIifE5rightERf                  
00001e6f  _ZN6EitherIitE5rightERt                  
00001ec1  _Z5RightIitE6EitherIT_T0_ES2_            
00001ee5  UARTDisable                              
00001f05  _ZN3IMUC1Ev                              
00001f25  __aeabi_ui2d                             
00001f45  _Z5RightIifE6EitherIT_T0_ES2_            
00001f63  _Z4LeftIifE6EitherIT_T0_ES1_             
00001f7f  __TI_zero_init_nomemset                  
00001fb9  GPIOPinTypeGPIOOutput                    
00001fd3  GPIOPinTypeSSI                           
00001fe9  GPIOPinTypeUART                          
00001fff  UARTEnable                               
00002013  _ZN3IMUD0Ev                              
00002027  _ZN7MPU9250D0Ev                          
0000203b  SSIDataGetNonBlocking                    
0000204d  FPUEnable                                
0000205d  FPULazyStackingEnable                    
0000206d  _ZN10__cxxabiv117__class_type_infoD0Ev   
0000207b  _ZN10__cxxabiv120__si_class_type_infoD0Ev
00002089  _ZN7MPU9250D1Ev                          
00002097  _ZNK6SPIDrv9dataWidthEv                  
000020a5  __TI_decompress_none                     
000020b3  SSIDataGet                               
000020bf  _ZN3IMUC2Ev                              
000020cb  _ZN3IMUD1Ev                              
000020d7  _ZN3IMUD2Ev                              
000020e3  __cxa_guard_acquire                      
000020ef  ResetISR                                 
000020fb  SSIDataPut                               
00002105  SSIDisable                               
0000210f  SSIEnable                                
00002119  UARTCharGet                              
00002123  UARTCharPut                              
0000212d  __cxa_guard_release                      
00002137  SSIBusy                                  
0000213f  _ZdlPv                                   
00002147  GPIOPinWrite                             
0000214d  UARTClockSourceSet                       
00002153  __cxa_pure_virtual                       
00002159  _ZN10__cxxabiv117__class_type_infoD1Ev   
00002159  _ZN10__cxxabiv117__class_type_infoD2Ev   
0000215d  _ZN10__cxxabiv120__si_class_type_infoD1Ev
0000215d  _ZN10__cxxabiv120__si_class_type_infoD2Ev
00002161  _ZdlPvj                                  
00002165  __abort_execution                        
00002169  _system_pre_init                         
0000216d  C$$EXIT                                  
0000216d  _ZSt17__throw_bad_allocv                 
0000216d  abort                                    
0000226c  _ZTV3IMU                                 
00002294  _ZTV7MPU9250                             
000022bc  _ZTSN10__cxxabiv120__si_class_type_infoE 
000022e1  _ZTSN10__cxxabiv117__class_type_infoE    
00002318  _ZTVN10__cxxabiv117__class_type_infoE    
00002328  _ZTVN10__cxxabiv120__si_class_type_infoE 
00002338  _ZTSSt9type_info                         
00002348  _ZTI7MPU9250                             
00002354  _ZTIN10__cxxabiv117__class_type_infoE    
00002360  _ZTIN10__cxxabiv120__si_class_type_infoE 
00002384  _ZTS7MPU9250                             
00002390  _ZTI3IMU                                 
00002398  _ZTISt9type_info                         
000023a0  _ZTS3IMU                                 
000023bc  __TI_Handler_Table_Base                  
000023c8  __TI_Handler_Table_Limit                 
000023d0  __TI_CINIT_Base                          
000023e0  __TI_CINIT_Limit                         
20000000  __stack                                  
20000000  __start___llvm_prf_cnts                  
20000000  __stop___llvm_prf_cnts                   
20000200  __STACK_END                              
20000200  __STACK_TOP                              
20000288  _lock                                    
2000028c  _unlock                                  
200002a0  _sys_memory                              
ffffffff  __TI_pprof_out_hndl                      
ffffffff  __TI_prof_data_size                      
ffffffff  __TI_prof_data_start                     
ffffffff  __binit__                                
ffffffff  __c_args__                               
ffffffff  binit                                    
UNDEFED   __mpu_init                               
UNDEFED   _system_post_cinit                       

[156 symbols]
