******************************************************************************
                  TI ARM Linker PC v20.2.5                     
******************************************************************************
>> Linked Fri Sep  3 14:42:53 2021

OUTPUT FILE NAME:   <GyrosTest.out>
ENTRY POINT SYMBOL: "_c_int00_noargs"  address: 0000131d


MEMORY CONFIGURATION

         name            origin    length      used     unused   attr    fill
----------------------  --------  ---------  --------  --------  ----  --------
  FLASH                 00000000   00040000  0000163a  0003e9c6  R  X
  SRAM                  20000000   00008000  00000205  00007dfb  RW X


SEGMENT ALLOCATION MAP

run origin  load origin   length   init length attrs members
----------  ----------- ---------- ----------- ----- -------
00000000    00000000    00001640   00001640    r-x
  00000000    00000000    0000026c   0000026c    r-- .intvecs
  0000026c    0000026c    00001276   00001276    r-x .text
  000014e4    000014e4    00000140   00000140    r-- .const
  00001628    00001628    00000018   00000018    r-- .cinit
20000000    20000000    00000205   00000000    rw-
  20000000    20000000    00000200   00000000    rw- .stack
  20000200    20000200    00000005   00000000    rw- .data


SECTION ALLOCATION MAP

 output                                  attributes/
section   page    origin      length       input sections
--------  ----  ----------  ----------   ----------------
.intvecs   0    00000000    0000026c     
                  00000000    0000026c     tm4c123gh6pm_startup_ccs.obj (.intvecs)

.text      0    0000026c    00001276     
                  0000026c    00000504     main.obj (.text)
                  00000770    000004a8     uartstdio.obj (.text)
                  00000c18    0000016c     driverlib.lib : gpio.obj (.text:GPIOPadConfigSet)
                  00000d84    00000118                   : sysctl.obj (.text:SysCtlClockGet)
                  00000e9c    000000f4                   : sysctl.obj (.text:SysCtlClockSet)
                  00000f90    0000009c     rtsv7M4_T_le_v4SPD16_eabi.lib : memcpy_t2.asm.obj (.text)
                  0000102c    00000068     driverlib.lib : interrupt.obj (.text:IntEnable)
                  00001094    00000068     rtsv7M4_T_le_v4SPD16_eabi.lib : copy_decompress_lzss.c.obj (.text:decompress:lzss:__TI_decompress_lzss)
                  000010fc    00000060     driverlib.lib : timer.obj (.text:TimerConfigure)
                  0000115c    0000004c                   : gpio.obj (.text:GPIOPinConfigure)
                  000011a8    00000046                   : uart.obj (.text:UARTConfigSetExpClk)
                  000011ee    00000002     rtsv7M4_T_le_v4SPD16_eabi.lib : div0.asm.obj (.text)
                  000011f0    00000044                                   : autoinit.c.obj (.text:__TI_auto_init_nobinit_nopinit:__TI_auto_init_nobinit_nopinit)
                  00001234    00000040                                   : u_divt2.asm.obj (.text)
                  00001274    0000003c     driverlib.lib : ssi.obj (.text:SSIConfigSetExpClk)
                  000012b0    00000038                   : sysctl.obj (.text:SysCtlPeripheralPresent)
                  000012e8    00000034                   : sysctl.obj (.text:SysCtlPeripheralEnable)
                  0000131c    00000034     rtsv7M4_T_le_v4SPD16_eabi.lib : boot_cortex_m.c.obj (.text:_c_int00_noargs:_c_int00_noargs)
                  00001350    0000002c     driverlib.lib : gpio.obj (.text:GPIODirModeSet)
                  0000137c    00000020                   : uart.obj (.text:UARTDisable)
                  0000139c    0000001a                   : gpio.obj (.text:GPIOPinTypeGPIOOutput)
                  000013b6    00000016                   : gpio.obj (.text:GPIOPinTypeSSI)
                  000013cc    00000016                   : gpio.obj (.text:GPIOPinTypeUART)
                  000013e2    00000014                   : uart.obj (.text:UARTEnable)
                  000013f6    00000012                   : ssi.obj (.text:SSIDataGetNonBlocking)
                  00001408    00000012                   : timer.obj (.text:TimerLoadSet)
                  0000141a    00000002     --HOLE-- [fill = 0]
                  0000141c    00000010                   : fpu.obj (.text:FPUEnable)
                  0000142c    00000010                   : fpu.obj (.text:FPULazyStackingEnable)
                  0000143c    00000010                   : interrupt.obj (.text:IntMasterEnable)
                  0000144c    0000000e                   : timer.obj (.text:TimerEnable)
                  0000145a    0000000e     rtsv7M4_T_le_v4SPD16_eabi.lib : copy_decompress_none.c.obj (.text:decompress:none:__TI_decompress_none)
                  00001468    0000000c     driverlib.lib : cpu.obj (.text:CPUcpsie)
                  00001474    0000000c                   : ssi.obj (.text:SSIDataGet)
                  00001480    0000000c     tm4c123gh6pm_startup_ccs.obj (.text)
                  0000148c    0000000a     driverlib.lib : ssi.obj (.text:SSIDataPut)
                  00001496    0000000a                   : ssi.obj (.text:SSIEnable)
                  000014a0    0000000a                   : uart.obj (.text:UARTCharGet)
                  000014aa    0000000a                   : uart.obj (.text:UARTCharPut)
                  000014b4    00000008                   : ssi.obj (.text:SSIBusy)
                  000014bc    00000008                   : timer.obj (.text:TimerIntEnable)
                  000014c4    00000006                   : gpio.obj (.text:GPIOPinWrite)
                  000014ca    00000006                   : sysctl.obj (.text:SysCtlDelay)
                  000014d0    00000006                   : uart.obj (.text:UARTClockSourceSet)
                  000014d6    00000004                   : timer.obj (.text:TimerIntClear)
                  000014da    00000004     rtsv7M4_T_le_v4SPD16_eabi.lib : pre_init.c.obj (.text:_system_pre_init)
                  000014de    00000004                                   : exit.c.obj (.text:abort:abort)

.const     0    000014e4    00000140     
                  000014e4    00000090     driverlib.lib : gpio.obj (.const:g_pui32GPIOBaseAddrs)
                  00001574    0000006c                   : sysctl.obj (.const:g_pui32Xtals)
                  000015e0    00000014                   : interrupt.obj (.const:g_pui32EnRegs)
                  000015f4    00000012     uartstdio.obj (.const:.string)
                  00001606    00000002     --HOLE-- [fill = 0]
                  00001608    0000000c     uartstdio.obj (.const:g_ui32UARTBase)
                  00001614    0000000c     uartstdio.obj (.const:g_ui32UARTPeriph)
                  00001620    00000004     uartstdio.obj (.const)

.cinit     0    00001628    00000018     
                  00001628    00000008     (__TI_handler_table)
                  00001630    00000007     (.cinit..data.load) [load image, compression = lzss]
                  00001637    00000001     --HOLE-- [fill = 0]
                  00001638    00000008     (__TI_cinit_table)

.init_array 
*          0    00000000    00000000     UNINITIALIZED

.data      0    20000200    00000005     UNINITIALIZED
                  20000200    00000005     uartstdio.obj (.data)

.stack     0    20000000    00000200     UNINITIALIZED
                  20000000    00000004     rtsv7M4_T_le_v4SPD16_eabi.lib : boot_cortex_m.c.obj (.stack)
                  20000004    000001fc     --HOLE--

__llvm_prf_cnts 
*          0    20000000    00000000     UNINITIALIZED

MODULE SUMMARY

       Module                         code   ro data   rw data
       ------                         ----   -------   -------
    .\
       main.obj                       1284   0         0      
       uartstdio.obj                  1192   46        5      
       tm4c123gh6pm_startup_ccs.obj   12     620       0      
    +--+------------------------------+------+---------+---------+
       Total:                         2488   666       5      
                                                              
    C:/ti/TivaWare_C_Series-2.2.0.295/driverlib/ccs/Debug/driverlib.lib
       sysctl.obj                     638    108       0      
       gpio.obj                       560    144       0      
       uart.obj                       148    0         0      
       interrupt.obj                  120    20        0      
       timer.obj                      140    0         0      
       ssi.obj                        118    0         0      
       fpu.obj                        32     0         0      
       cpu.obj                        12     0         0      
    +--+------------------------------+------+---------+---------+
       Total:                         1768   272       0      
                                                              
    C:\ti\ccs1040\ccs\tools\compiler\ti-cgt-arm_20.2.5.LTS\lib\rtsv7M4_T_le_v4SPD16_eabi.lib
       memcpy_t2.asm.obj              156    0         0      
       copy_decompress_lzss.c.obj     104    0         0      
       autoinit.c.obj                 68     0         0      
       u_divt2.asm.obj                64     0         0      
       boot_cortex_m.c.obj            52     0         0      
       copy_decompress_none.c.obj     14     0         0      
       exit.c.obj                     4      0         0      
       pre_init.c.obj                 4      0         0      
       div0.asm.obj                   2      0         0      
    +--+------------------------------+------+---------+---------+
       Total:                         468    0         0      
                                                              
       Stack:                         0      0         512    
       Linker Generated:              0      23        0      
    +--+------------------------------+------+---------+---------+
       Grand Total:                   4724   961       517    


LINKER GENERATED COPY TABLES

__TI_cinit_table @ 00001638 records: 1, size/record: 8, table size: 8
	.data: load addr=00001630, load size=00000007 bytes, run addr=20000200, run size=00000005 bytes, compression=lzss


LINKER GENERATED HANDLER TABLE

__TI_handler_table @ 00001628 records: 2, size/record: 4, table size: 8
	index: 0, handler: __TI_decompress_lzss
	index: 1, handler: __TI_decompress_none


GLOBAL SYMBOLS: SORTED ALPHABETICALLY BY Name 

address   name                          
-------   ----                          
000014df  C$$EXIT                       
00001469  CPUcpsie                      
0000033d  Config_Timer0                 
0000141d  FPUEnable                     
0000142d  FPULazyStackingEnable         
00001351  GPIODirModeSet                
00000c19  GPIOPadConfigSet              
0000115d  GPIOPinConfigure              
0000139d  GPIOPinTypeGPIOOutput         
000013b7  GPIOPinTypeSSI                
000013cd  GPIOPinTypeUART               
000014c5  GPIOPinWrite                  
0000102d  IntEnable                     
0000143d  IntMasterEnable               
00001481  ResetISR                      
000014b5  SSIBusy                       
00001275  SSIConfigSetExpClk            
00001475  SSIDataGet                    
000013f7  SSIDataGetNonBlocking         
0000148d  SSIDataPut                    
00001497  SSIEnable                     
00000d85  SysCtlClockGet                
00000e9d  SysCtlClockSet                
000014cb  SysCtlDelay                   
000012e9  SysCtlPeripheralEnable        
000012b1  SysCtlPeripheralPresent       
000010fd  TimerConfigure                
0000144d  TimerEnable                   
000014d7  TimerIntClear                 
000014bd  TimerIntEnable                
00001409  TimerLoadSet                  
000014a1  UARTCharGet                   
000014ab  UARTCharPut                   
000014d1  UARTClockSourceSet            
000011a9  UARTConfigSetExpClk           
0000137d  UARTDisable                   
000013e3  UARTEnable                    
00000771  UARTStdioConfig               
000008c1  UARTgetc                      
00000807  UARTgets                      
00000be3  UARTprintf                    
000008e9  UARTvprintf                   
000007b7  UARTwrite                     
20000200  __STACK_END                   
00000200  __STACK_SIZE                  
20000200  __STACK_TOP                   
00001638  __TI_CINIT_Base               
00001640  __TI_CINIT_Limit              
00001628  __TI_Handler_Table_Base       
00001630  __TI_Handler_Table_Limit      
000011f1  __TI_auto_init_nobinit_nopinit
00001095  __TI_decompress_lzss          
0000145b  __TI_decompress_none          
ffffffff  __TI_pprof_out_hndl           
ffffffff  __TI_prof_data_size           
ffffffff  __TI_prof_data_start          
00000000  __TI_static_base__            
000011ef  __aeabi_idiv0                 
000011ef  __aeabi_ldiv0                 
00000f91  __aeabi_memcpy                
00000f91  __aeabi_memcpy4               
00000f91  __aeabi_memcpy8               
00001235  __aeabi_uidiv                 
00001235  __aeabi_uidivmod              
ffffffff  __binit__                     
ffffffff  __c_args__                    
UNDEFED   __mpu_init                    
20000000  __stack                       
20000000  __start___llvm_prf_cnts       
20000000  __stop___llvm_prf_cnts        
0000131d  _c_int00_noargs               
UNDEFED   _system_post_cinit            
000014db  _system_pre_init              
000014df  abort                         
ffffffff  binit                         
00000389  csHigh                        
0000037b  csLow                         
00000000  g_pfnVectors                  
00000543  getTemp                       
000003ff  getXAxis                      
0000046b  getYAxis                      
000004d7  getZAxis                      
0000026d  initPeripherals               
00000635  main                          
00000f91  memcpy                        
000003bb  readReg                       
000005dd  timerFunc                     
00000397  writeReg                      


GLOBAL SYMBOLS: SORTED BY Symbol Address 

address   name                          
-------   ----                          
00000000  __TI_static_base__            
00000000  g_pfnVectors                  
00000200  __STACK_SIZE                  
0000026d  initPeripherals               
0000033d  Config_Timer0                 
0000037b  csLow                         
00000389  csHigh                        
00000397  writeReg                      
000003bb  readReg                       
000003ff  getXAxis                      
0000046b  getYAxis                      
000004d7  getZAxis                      
00000543  getTemp                       
000005dd  timerFunc                     
00000635  main                          
00000771  UARTStdioConfig               
000007b7  UARTwrite                     
00000807  UARTgets                      
000008c1  UARTgetc                      
000008e9  UARTvprintf                   
00000be3  UARTprintf                    
00000c19  GPIOPadConfigSet              
00000d85  SysCtlClockGet                
00000e9d  SysCtlClockSet                
00000f91  __aeabi_memcpy                
00000f91  __aeabi_memcpy4               
00000f91  __aeabi_memcpy8               
00000f91  memcpy                        
0000102d  IntEnable                     
00001095  __TI_decompress_lzss          
000010fd  TimerConfigure                
0000115d  GPIOPinConfigure              
000011a9  UARTConfigSetExpClk           
000011ef  __aeabi_idiv0                 
000011ef  __aeabi_ldiv0                 
000011f1  __TI_auto_init_nobinit_nopinit
00001235  __aeabi_uidiv                 
00001235  __aeabi_uidivmod              
00001275  SSIConfigSetExpClk            
000012b1  SysCtlPeripheralPresent       
000012e9  SysCtlPeripheralEnable        
0000131d  _c_int00_noargs               
00001351  GPIODirModeSet                
0000137d  UARTDisable                   
0000139d  GPIOPinTypeGPIOOutput         
000013b7  GPIOPinTypeSSI                
000013cd  GPIOPinTypeUART               
000013e3  UARTEnable                    
000013f7  SSIDataGetNonBlocking         
00001409  TimerLoadSet                  
0000141d  FPUEnable                     
0000142d  FPULazyStackingEnable         
0000143d  IntMasterEnable               
0000144d  TimerEnable                   
0000145b  __TI_decompress_none          
00001469  CPUcpsie                      
00001475  SSIDataGet                    
00001481  ResetISR                      
0000148d  SSIDataPut                    
00001497  SSIEnable                     
000014a1  UARTCharGet                   
000014ab  UARTCharPut                   
000014b5  SSIBusy                       
000014bd  TimerIntEnable                
000014c5  GPIOPinWrite                  
000014cb  SysCtlDelay                   
000014d1  UARTClockSourceSet            
000014d7  TimerIntClear                 
000014db  _system_pre_init              
000014df  C$$EXIT                       
000014df  abort                         
00001628  __TI_Handler_Table_Base       
00001630  __TI_Handler_Table_Limit      
00001638  __TI_CINIT_Base               
00001640  __TI_CINIT_Limit              
20000000  __stack                       
20000000  __start___llvm_prf_cnts       
20000000  __stop___llvm_prf_cnts        
20000200  __STACK_END                   
20000200  __STACK_TOP                   
ffffffff  __TI_pprof_out_hndl           
ffffffff  __TI_prof_data_size           
ffffffff  __TI_prof_data_start          
ffffffff  __binit__                     
ffffffff  __c_args__                    
ffffffff  binit                         
UNDEFED   __mpu_init                    
UNDEFED   _system_post_cinit            

[88 symbols]
