******************************************************************************
                  TI ARM Linker PC v20.2.5                     
******************************************************************************
>> Linked Fri Jun 25 18:14:18 2021

OUTPUT FILE NAME:   <gyroscope_scc2130.out>
ENTRY POINT SYMBOL: "_c_int00_noargs"  address: 000012fd


MEMORY CONFIGURATION

         name            origin    length      used     unused   attr    fill
----------------------  --------  ---------  --------  --------  ----  --------
  FLASH                 00000000   00040000  000015d0  0003ea30  R  X
  SRAM                  20000000   00008000  00000225  00007ddb  RW X


SEGMENT ALLOCATION MAP

run origin  load origin   length   init length attrs members
----------  ----------- ---------- ----------- ----- -------
00000000    00000000    000015d0   000015d0    r-x
  00000000    00000000    0000026c   0000026c    r-- .intvecs
  0000026c    0000026c    00001208   00001208    r-x .text
  00001474    00001474    0000012c   0000012c    r-- .const
  000015a0    000015a0    00000030   00000030    r-- .cinit
20000000    20000000    00000225   00000000    rw-
  20000000    20000000    00000200   00000000    rw- .stack
  20000200    20000200    00000020   00000000    rw- .bss
  20000220    20000220    00000005   00000000    rw- .data


SECTION ALLOCATION MAP

 output                                  attributes/
section   page    origin      length       input sections
--------  ----  ----------  ----------   ----------------
.intvecs   0    00000000    0000026c     
                  00000000    0000026c     tm4c123gh6pm_startup_ccs.obj (.intvecs)

.text      0    0000026c    00001208     
                  0000026c    00000580     main.obj (.text)
                  000007ec    0000049c     uartstdio.obj (.text)
                  00000c88    0000016c     driverlib.lib : gpio.obj (.text:GPIOPadConfigSet)
                  00000df4    00000118                   : sysctl.obj (.text:SysCtlClockGet)
                  00000f0c    000000f4                   : sysctl.obj (.text:SysCtlClockSet)
                  00001000    0000009c     rtsv7M4_T_le_v4SPD16_eabi.lib : memcpy_t2.asm.obj (.text)
                  0000109c    00000068                                   : copy_decompress_lzss.c.obj (.text:decompress:lzss:__TI_decompress_lzss)
                  00001104    0000004c     driverlib.lib : gpio.obj (.text:GPIOPinConfigure)
                  00001150    00000046                   : uart.obj (.text:UARTConfigSetExpClk)
                  00001196    00000002     rtsv7M4_T_le_v4SPD16_eabi.lib : div0.asm.obj (.text)
                  00001198    00000044                                   : autoinit.c.obj (.text:__TI_auto_init_nobinit_nopinit:__TI_auto_init_nobinit_nopinit)
                  000011dc    00000040                                   : u_divt2.asm.obj (.text)
                  0000121c    0000003c     driverlib.lib : ssi.obj (.text:SSIConfigSetExpClk)
                  00001258    00000038                   : sysctl.obj (.text:SysCtlPeripheralPresent)
                  00001290    00000038                   : sysctl.obj (.text:SysCtlPeripheralReady)
                  000012c8    00000034                   : sysctl.obj (.text:SysCtlPeripheralEnable)
                  000012fc    00000034     rtsv7M4_T_le_v4SPD16_eabi.lib : boot_cortex_m.c.obj (.text:_c_int00_noargs:_c_int00_noargs)
                  00001330    0000002c     driverlib.lib : gpio.obj (.text:GPIODirModeSet)
                  0000135c    00000020                   : uart.obj (.text:UARTDisable)
                  0000137c    0000001c     rtsv7M4_T_le_v4SPD16_eabi.lib : copy_zero_init.c.obj (.text:decompress:ZI:__TI_zero_init_nomemset:__TI_zero_init_nomemset)
                  00001398    0000001a     driverlib.lib : gpio.obj (.text:GPIOPinTypeGPIOOutput)
                  000013b2    00000016                   : gpio.obj (.text:GPIOPinTypeSSI)
                  000013c8    00000016                   : gpio.obj (.text:GPIOPinTypeUART)
                  000013de    00000014                   : uart.obj (.text:UARTEnable)
                  000013f2    00000012                   : ssi.obj (.text:SSIDataGetNonBlocking)
                  00001404    0000000e     rtsv7M4_T_le_v4SPD16_eabi.lib : copy_decompress_none.c.obj (.text:decompress:none:__TI_decompress_none)
                  00001412    0000000c     driverlib.lib : ssi.obj (.text:SSIDataGet)
                  0000141e    0000000c     tm4c123gh6pm_startup_ccs.obj (.text)
                  0000142a    0000000a     driverlib.lib : ssi.obj (.text:SSIDataPut)
                  00001434    0000000a                   : ssi.obj (.text:SSIEnable)
                  0000143e    0000000a                   : uart.obj (.text:UARTCharGet)
                  00001448    0000000a                   : uart.obj (.text:UARTCharPut)
                  00001452    00000008                   : ssi.obj (.text:SSIBusy)
                  0000145a    00000006                   : gpio.obj (.text:GPIOPinWrite)
                  00001460    00000006                   : sysctl.obj (.text:SysCtlDelay)
                  00001466    00000006                   : uart.obj (.text:UARTClockSourceSet)
                  0000146c    00000004     rtsv7M4_T_le_v4SPD16_eabi.lib : pre_init.c.obj (.text:_system_pre_init)
                  00001470    00000004                                   : exit.c.obj (.text:abort:abort)

.const     0    00001474    0000012c     
                  00001474    00000090     driverlib.lib : gpio.obj (.const:g_pui32GPIOBaseAddrs)
                  00001504    0000006c                   : sysctl.obj (.const:g_pui32Xtals)
                  00001570    00000012     uartstdio.obj (.const:.string)
                  00001582    00000002     --HOLE-- [fill = 0]
                  00001584    0000000c     uartstdio.obj (.const:g_ui32UARTBase)
                  00001590    0000000c     uartstdio.obj (.const:g_ui32UARTPeriph)
                  0000159c    00000004     uartstdio.obj (.const)

.cinit     0    000015a0    00000030     
                  000015a0    0000000c     (__TI_handler_table)
                  000015ac    00000004     --HOLE-- [fill = 0]
                  000015b0    00000008     (.cinit..bss.load) [load image, compression = zero_init]
                  000015b8    00000007     (.cinit..data.load) [load image, compression = lzss]
                  000015bf    00000001     --HOLE-- [fill = 0]
                  000015c0    00000010     (__TI_cinit_table)

.init_array 
*          0    00000000    00000000     UNINITIALIZED

.bss       0    20000200    00000020     UNINITIALIZED
                  20000200    00000004     (.common:response_acc_x)
                  20000204    00000004     (.common:response_acc_y)
                  20000208    00000004     (.common:response_acc_z)
                  2000020c    00000004     (.common:response_rate)
                  20000210    00000004     (.common:response_temp)
                  20000214    00000002     (.common:acc_x)
                  20000216    00000002     (.common:acc_y)
                  20000218    00000002     (.common:acc_z)
                  2000021a    00000002     (.common:rate)
                  2000021c    00000002     (.common:temp)
                  2000021e    00000001     (.common:RSdata)
                  2000021f    00000001     (.common:data_error)

.data      0    20000220    00000005     UNINITIALIZED
                  20000220    00000005     uartstdio.obj (.data)

.stack     0    20000000    00000200     UNINITIALIZED
                  20000000    00000004     rtsv7M4_T_le_v4SPD16_eabi.lib : boot_cortex_m.c.obj (.stack)
                  20000004    000001fc     --HOLE--

__llvm_prf_cnts 
*          0    20000000    00000000     UNINITIALIZED

MODULE SUMMARY

       Module                         code   ro data   rw data
       ------                         ----   -------   -------
    .\
       main.obj                       1408   0         32     
       uartstdio.obj                  1180   46        5      
       tm4c123gh6pm_startup_ccs.obj   12     620       0      
    +--+------------------------------+------+---------+---------+
       Total:                         2600   666       37     
                                                              
    C:/ti/TivaWare_C_Series-2.2.0.295/driverlib/ccs/Debug/driverlib.lib
       sysctl.obj                     694    108       0      
       gpio.obj                       560    144       0      
       uart.obj                       148    0         0      
       ssi.obj                        118    0         0      
    +--+------------------------------+------+---------+---------+
       Total:                         1520   252       0      
                                                              
    C:\ti\ccs1031\ccs\tools\compiler\ti-cgt-arm_20.2.5.LTS\lib\rtsv7M4_T_le_v4SPD16_eabi.lib
       memcpy_t2.asm.obj              156    0         0      
       copy_decompress_lzss.c.obj     104    0         0      
       autoinit.c.obj                 68     0         0      
       u_divt2.asm.obj                64     0         0      
       boot_cortex_m.c.obj            52     0         0      
       copy_zero_init.c.obj           28     0         0      
       copy_decompress_none.c.obj     14     0         0      
       exit.c.obj                     4      0         0      
       pre_init.c.obj                 4      0         0      
       div0.asm.obj                   2      0         0      
    +--+------------------------------+------+---------+---------+
       Total:                         496    0         0      
                                                              
       Stack:                         0      0         512    
       Linker Generated:              0      43        0      
    +--+------------------------------+------+---------+---------+
       Grand Total:                   4616   961       549    


LINKER GENERATED COPY TABLES

__TI_cinit_table @ 000015c0 records: 2, size/record: 8, table size: 16
	.bss: load addr=000015b0, load size=00000008 bytes, run addr=20000200, run size=00000020 bytes, compression=zero_init
	.data: load addr=000015b8, load size=00000007 bytes, run addr=20000220, run size=00000005 bytes, compression=lzss


LINKER GENERATED HANDLER TABLE

__TI_handler_table @ 000015a0 records: 3, size/record: 4, table size: 12
	index: 0, handler: __TI_decompress_lzss
	index: 1, handler: __TI_decompress_none
	index: 2, handler: __TI_zero_init


GLOBAL SYMBOLS: SORTED ALPHABETICALLY BY Name 

address   name                          
-------   ----                          
00001471  C$$EXIT                       
0000029f  Config_UART0                  
00001331  GPIODirModeSet                
00000c89  GPIOPadConfigSet              
00001105  GPIOPinConfigure              
00001399  GPIOPinTypeGPIOOutput         
000013b3  GPIOPinTypeSSI                
000013c9  GPIOPinTypeUART               
0000145b  GPIOPinWrite                  
2000021e  RSdata                        
0000141f  ResetISR                      
00001453  SSIBusy                       
0000121d  SSIConfigSetExpClk            
00001413  SSIDataGet                    
000013f3  SSIDataGetNonBlocking         
0000142b  SSIDataPut                    
00001435  SSIEnable                     
00000df5  SysCtlClockGet                
00000f0d  SysCtlClockSet                
00001461  SysCtlDelay                   
000012c9  SysCtlPeripheralEnable        
00001259  SysCtlPeripheralPresent       
00001291  SysCtlPeripheralReady         
0000143f  UARTCharGet                   
00001449  UARTCharPut                   
00001467  UARTClockSourceSet            
00001151  UARTConfigSetExpClk           
0000135d  UARTDisable                   
000013df  UARTEnable                    
000007ed  UARTStdioConfig               
00000933  UARTgetc                      
00000879  UARTgets                      
00000c53  UARTprintf                    
00000959  UARTvprintf                   
00000833  UARTwrite                     
20000200  __STACK_END                   
00000200  __STACK_SIZE                  
20000200  __STACK_TOP                   
000015c0  __TI_CINIT_Base               
000015d0  __TI_CINIT_Limit              
000015a0  __TI_Handler_Table_Base       
000015ac  __TI_Handler_Table_Limit      
00001199  __TI_auto_init_nobinit_nopinit
0000109d  __TI_decompress_lzss          
00001405  __TI_decompress_none          
ffffffff  __TI_pprof_out_hndl           
ffffffff  __TI_prof_data_size           
ffffffff  __TI_prof_data_start          
00000000  __TI_static_base__            
0000137d  __TI_zero_init_nomemset       
00001197  __aeabi_idiv0                 
00001197  __aeabi_ldiv0                 
00001001  __aeabi_memcpy                
00001001  __aeabi_memcpy4               
00001001  __aeabi_memcpy8               
000011dd  __aeabi_uidiv                 
000011dd  __aeabi_uidivmod              
ffffffff  __binit__                     
ffffffff  __c_args__                    
UNDEFED   __mpu_init                    
20000000  __stack                       
20000000  __start___llvm_prf_cnts       
20000000  __stop___llvm_prf_cnts        
000012fd  _c_int00_noargs               
UNDEFED   _system_post_cinit            
0000146d  _system_pre_init              
00001471  abort                         
20000214  acc_x                         
20000216  acc_y                         
20000218  acc_z                         
ffffffff  binit                         
2000021f  data_error                    
0000026d  delayMs                       
00000287  delayUs                       
00000000  g_pfnVectors                  
000002db  init_SSI0                     
000006c1  init_clock                    
000006a5  init_led                      
000006f5  main                          
00001001  memcpy                        
2000021a  rate                          
0000044b  read_and_process_data_SCC_1   
0000058d  read_and_process_data_SCC_2   
20000200  response_acc_x                
20000204  response_acc_y                
20000208  response_acc_z                
2000020c  response_rate                 
20000210  response_temp                 
00000365  send_request_SCC_1            
000003df  send_request_SCC_2            
2000021c  temp                          


GLOBAL SYMBOLS: SORTED BY Symbol Address 

address   name                          
-------   ----                          
00000000  __TI_static_base__            
00000000  g_pfnVectors                  
00000200  __STACK_SIZE                  
0000026d  delayMs                       
00000287  delayUs                       
0000029f  Config_UART0                  
000002db  init_SSI0                     
00000365  send_request_SCC_1            
000003df  send_request_SCC_2            
0000044b  read_and_process_data_SCC_1   
0000058d  read_and_process_data_SCC_2   
000006a5  init_led                      
000006c1  init_clock                    
000006f5  main                          
000007ed  UARTStdioConfig               
00000833  UARTwrite                     
00000879  UARTgets                      
00000933  UARTgetc                      
00000959  UARTvprintf                   
00000c53  UARTprintf                    
00000c89  GPIOPadConfigSet              
00000df5  SysCtlClockGet                
00000f0d  SysCtlClockSet                
00001001  __aeabi_memcpy                
00001001  __aeabi_memcpy4               
00001001  __aeabi_memcpy8               
00001001  memcpy                        
0000109d  __TI_decompress_lzss          
00001105  GPIOPinConfigure              
00001151  UARTConfigSetExpClk           
00001197  __aeabi_idiv0                 
00001197  __aeabi_ldiv0                 
00001199  __TI_auto_init_nobinit_nopinit
000011dd  __aeabi_uidiv                 
000011dd  __aeabi_uidivmod              
0000121d  SSIConfigSetExpClk            
00001259  SysCtlPeripheralPresent       
00001291  SysCtlPeripheralReady         
000012c9  SysCtlPeripheralEnable        
000012fd  _c_int00_noargs               
00001331  GPIODirModeSet                
0000135d  UARTDisable                   
0000137d  __TI_zero_init_nomemset       
00001399  GPIOPinTypeGPIOOutput         
000013b3  GPIOPinTypeSSI                
000013c9  GPIOPinTypeUART               
000013df  UARTEnable                    
000013f3  SSIDataGetNonBlocking         
00001405  __TI_decompress_none          
00001413  SSIDataGet                    
0000141f  ResetISR                      
0000142b  SSIDataPut                    
00001435  SSIEnable                     
0000143f  UARTCharGet                   
00001449  UARTCharPut                   
00001453  SSIBusy                       
0000145b  GPIOPinWrite                  
00001461  SysCtlDelay                   
00001467  UARTClockSourceSet            
0000146d  _system_pre_init              
00001471  C$$EXIT                       
00001471  abort                         
000015a0  __TI_Handler_Table_Base       
000015ac  __TI_Handler_Table_Limit      
000015c0  __TI_CINIT_Base               
000015d0  __TI_CINIT_Limit              
20000000  __stack                       
20000000  __start___llvm_prf_cnts       
20000000  __stop___llvm_prf_cnts        
20000200  __STACK_END                   
20000200  __STACK_TOP                   
20000200  response_acc_x                
20000204  response_acc_y                
20000208  response_acc_z                
2000020c  response_rate                 
20000210  response_temp                 
20000214  acc_x                         
20000216  acc_y                         
20000218  acc_z                         
2000021a  rate                          
2000021c  temp                          
2000021e  RSdata                        
2000021f  data_error                    
ffffffff  __TI_pprof_out_hndl           
ffffffff  __TI_prof_data_size           
ffffffff  __TI_prof_data_start          
ffffffff  __binit__                     
ffffffff  __c_args__                    
ffffffff  binit                         
UNDEFED   __mpu_init                    
UNDEFED   _system_post_cinit            

[91 symbols]
